0020203
0020203
002021
002021
0020211
0020211
002022002
002022002
002023
002023
0020302
0020302
002031
002031
0020311
0020311
002032002
002032002
002033
002033
002102
002102
002103
002103
0021102
0021102
0021103
0021103
002111
002111
002112002
002112002
002113
002113
00212002
00212002
0022002
0022002
002200202
002200202
002200203
002200203
00220021
00220021
002200211
002200211
00220023
00220023
002302
002302
002303
002303
002311
002311
00232002
00232002
0200203
0200203
020021
020021
0200211
0200211
020022002
020022002
020023
020023
0203002
0203002
020311
020311
02032002
02032002
021002
021002
0211002
0211002
021103
021103
02112002
02112002
0212002
0212002
022002
022002
022002002
022002002
02200203
02200203
0220021
0220021
02200211
02200211
0220023
0220023
023002
023002
0232002
0232002
0300202
0300202
030021
030021
0300211
0300211
030022002
030022002
030023
030023
0302002
0302002
030211
030211
03022002
03022002
031002
031002
0311002
0311002
031102
031102
03112002
03112002
0312002
0312002
032002
032002
032002002
032002002
03200202
03200202
0320021
0320021
03200211
03200211
0320023
0320023
033002
033002
0332002
0332002
100202
100202
100203
100203
100211
100211
10022002
10022002
102002
102002
1022002
1022002
103002
103002
1032002
1032002
1100202
1100202
1100203
1100203
110021
110021
110022002
110022002
110023
110023
1102002
1102002
110203
110203
11022002
11022002
1103002
1103002
1
54m37c4n&!*
54m37c4n&!@
54m37c4n&$
54m37c4n&$!
54m37c4n&$$
54m37c4n&$%
54m37c4n&$&
54m37c4n&$*
54m37c4n&$@
54m37c4n&%
54m37c4n&%!
54m37c4n&%$
54m37c4n&%%
54m37c4n&%&
54m37c4n&%*
54m37c4n&%@
54m37c4n&&
54m37c4n&&!
54m37c4n&&$
54m37c4n&&%
54m37c4n&&&
54m37c4n&&*

Kur4k86
Kur4k87
Kur4k88
Kur4k89
Kur4k9
Kur4k90
Kur4k91
Kur4k92
Kur4k93n&!$
Sametcan&!%
Sametcan&!&
Sametcan&!*
Sametcan&!@
Sametcan&$
Sametcan&$!
Sametcan&$$
Sametcan&$%
Sametcan&$&
Sametcan&$*
Sametcan&$@
Sametcan&%
Sametcan&%!
Sametcan&%$
Sametcan&%%
Sametcan&%&
Sametcan&%*
Sametcan&%@
Sametcan&&
Sametcan&&!
Sametcan&&$
Sametcan&&%
Sametcan&&&
Sametcan&&*
Sametcan&&@
Sametcan&*
Sametcan&*!
Sametcan&*$
Sametcan&*%
Sametcan&*&
Sametcan&**
Sametcan&*@
Sametcan&@
Sametcan&@!
Sametcan&@$
Sametcan&@%
Sametcan&@&
Sametcan&@*
Sametcan&@@
Sametcan'#'
Sametcan*
Sametcan*!
Sametcan*!!
Sametcan*!$
Sametcan*!%
Sametcan*!&
Sametcan*!*
Sametcan*!@
Sametcan*$
Sametcan*$!
Sametcan*$$
Sametcan*$%
Sametcan*$&
Sametcan*$*
Sametcan*$@
Sametcan*%
Sametcan*%!
Sametcan*%$
Sametcan*%%
Sametcan*%&
Sametcan*%*
Sametcan*%@
Sametcan*&
Sametcan*&!
Sametcan*&$
Sametcan*&%
Sametcan*&&
Sametcan*&*
Sametcan*&@
Sametcan**
Sametcan**!
Sametcan**$
Sametcan**%
Sametcan**&
Sametcan***
Sametcan**@
Sametcan*@
Sametcan*@!
Sametcan*@$
Sametcan*@%
Sametcan*@&
Sametcan*@*
Sametcan*@@
Sametcan0
Sametcan002
Sametcan02
Sametcan021
Sametcan023
Sametcan03
Sametcan031
Sametcan033
Sametcan1
Sametcan10
Sametcan102
Sametcan103
Sametcan11
Sametcan111
Sametcan113
Sametcan12
Sametcan13
Sametcan14
Sametcan15
Sametcan16
Sametcan17
Sametcan18
Sametcan19
Sametcan2
Sametcan20
Sametcan21
Sametcan22
Sametcan23
Sametcan24
Sametcan25
Sametcan26
Sametcan27
Sametcan28
Sametcan29
Sametcan3
Sametcan30
Sametcan302
Sametcan303
Sametcan31
Sametcan311
Sametcan32
Sametcan33
Sametcan34
Sametcan35
Sametcan36
Sametcan37
Sametcan38
Sametcan39
Sametcan4
Sametcan40
Sametcan41
Sametcan42
Sametcan43
Sametcan44
Sametcan45
Sametcan46
Sametcan47
Sametcan48
Sametcan49
Sametcan5
Sametcan50
Sametcan51
Sametcan52
Sametcan53
Sametcan54
Sametcan55
Sametcan56
52015737044Mru*
Sametcan58
Sametcan59
Sametcan6
Sametcan60
Sametcan61
Sametcan62
Sametcan63
Sametcan64
Sametcan65
Sametcan66
Sametcan67
Sametcan68
Sametcan69
Sametcan7
Sametcan70
Sametcan71
Sametcan72
Sametcan73
Sametcan74
Sametcan75
Sametcan76
Sametcan77
Sametcan78
Sametcan79
Sametcan8
Sametcan80
Sametcan81
Sametcan82
Sametcan83
Sametcan84
Sametcan85
Sametcan86
Sametcan87
Sametcan88
Sametcan89
Sametcan9
Sametcan90
Sametcan91
Sametcan92
Sametcan93
Sametcan94
Sametcan95
Sametcan96
Sametcan97
Sametcan98
Sametcan99
Sametcan@
Sametcan@!
Sametcan@!!
Sametcan@!$
Sametcan@!%
Sametcan@!&
Sametcan@!*
Sametcan@!@
Sametcan@$
Sametcan@$!
Sametcan@$$
Sametcan@$%
Sametcan@$&
Sametcan@$*
Sametcan@$@
Sametcan@%
Sametcan@%!
Sametcan@%$
Sametcan@%%
Sametcan@%&
Sametcan@%*
Sametcan@%@
Sametcan@&
Sametcan@&!
Sametcan@&$
Sametcan@&%
Sametcan@&&
Sametcan@&*
Sametcan@&@
Sametcan@*
Sametcan@*!
Sametcan@*$
Sametcan@*%
Sametcan@*&
Sametcan@**
Sametcan@*@
Sametcan@@
Sametcan@@!
Sametcan@@$
Sametcan@@%
Sametcan@@&
Sametcan@@*
Sametcan@@@
Sametcan_02
Sametcan_03
Sametcan_1
Sametcan_11
Sametcan_13
Sametcan_3
Sametcan_31
Tr4b20n
Tr4b20n!
Tr4b20n!!
Tr4b20n!!!
Tr4b20n!!$
Tr4b20n!!%
Tr4b20n!!&
Tr4b20n!!*
Tr4b20n!!@
Tr4b20n!$
Tr4b20n!$!
Tr4b20n!$$
Tr4b20n!$%
Tr4b20n!$&
Tr4b20n!$*
Tr4b20n!$@
Tr4b20n!%
Tr4b20n!%!
Tr4b20n!%$
Tr4b20n!%%
Tr4b20n!%&
Tr4b20n!%*
Tr4b20n!%@
Tr4b20n!&
Tr4b20n!&!
Tr4b20n!&$
Tr4b20n!&%
Tr4b20n!&&
Tr4b20n!&*
Tr4b20n!&@
Tr4b20n!'#'
Tr4b20n!*
Tr4b20n!*!
Tr4b20n!*$
Tr4b20n!*%
Tr4b20n!*&
Tr4b20n!**
Tr4b20n!*@
Tr4b20n!@
Tr4b20n!@!
Tr4b20n!@$
Tr4b20n!@%
Tr4b20n!@&
Tr4b20n!@*
Tr4b20n!@@
Tr4b20n$
Tr4b20n$!
Tr4b20n$!!
Tr4b20n$!$
Tr4b20n$!%
Tr4b20n$!&
Tr4b20n$!*
Tr4b20n$!@
Tr4b20n$$
Tr4b20n$$!
Tr4b20n$$$
Tr4b20n$$%
Tr4b20n$$&
Tr4b20n$$*
Tr4b20n$$@
Tr4b20n$%
Tr4b20n$%!
Tr4b20n$%$
Tr4b20n$%%
Tr4b20n$%&
Tr4b20n$%*
Tr4b20n$%@
Tr4b20n$&
Tr4b20n$&!
Tr4b20n$&$
Tr4b20n$&%
Tr4b20n$&&
Tr4b20n$&*
Tr4b20n$&@
Tr4b20n$'#'
Tr4b20n$*
Tr4b20n$*!
Tr4b20n$*$
Tr4b20n$*%
Tr4b20n$*&
Tr4b20n$**
Tr4b20n$*@
Tr4b20n$@
Tr4b20n$@!
Tr4b20n$@$
Tr4b20n$@%
Tr4b20n$@&
Tr4b20n$@*
Tr4b20n$@@
Tr4b20n%
Tr4b20n%!
Tr4b20n%!!
Tr4b20n%!$
Tr4b20n%!%
Tr4b20n%!&
Tr4b20n%!*
Tr4b20n%!@
Tr4b20n%$
Tr4b20n%$!
Tr4b20n%$$
Tr4b20n%$%
Tr4b20n%$&
Tr4b20n%$*
Tr4b20n%$@
Tr4b20n%%
Tr4b20n%%!
Tr4b20n%%$
Tr4b20n%%%
Tr4b20n%%&
Tr4b20n%%*
Tr4b20n%%@
Tr4b20n%&
Tr4b20n%&!
Tr4b20n%&$
Tr4b20n%&%
Tr4b20n%&&
Tr4b20n%&*
Tr4b20n%&@
Tr4b20n%'#'
Tr4b20n%*
Tr4b20n%*!
Tr4b20n%*$
Tr4b20n%*%
Tr4b20n%*&
Tr4b20n%**
Tr4b20n%*@
Tr4b20n%@
Tr4b20n%@!
Tr4b20n%@$
Tr4b20n%@%
Tr4b20n%@&
Tr4b20n%@*
Tr4b20n%@@
Tr4b20n&
Tr4b20n&!
Tr4b20n&!!
Tr4b20n&!$
Tr4b20n&!%
Tr4b20n&!&
Tr4b20n&!*
Tr4b20n&!@
Tr4b20n&$
Tr4b20n&$!
Tr4b20n&$$
Tr4b20n&$%
Tr4b20n&$&
Tr4b20n&$*
Tr4b20n&$@
Tr4b20n&%
Tr4b20n&%!
Tr4b20n&%$
Tr4b20n&%%
Tr4b20n&%&
Tr4b20n&%*
Tr4b20n&%@
Tr4b20n&&
Tr4b20n&&!
Tr4b20n&&$
Tr4b20n&&%
Tr4b20n&&&
Tr4b20n&&*
Tr4b20n&&@
Tr4b20n&'#'
Tr4b20n&*
Tr4b20n&*!
Tr4b20n&*$
Tr4b20n&*%
Tr4b20n&*&
Tr4b20n&**
Tr4b20n&*@
Tr4b20n&@
Tr4b20n&@!
Tr4b20n&@$
Tr4b20n&@%
Tr4b20n&@&
Tr4b20n&@*
Tr4b20n&@@
Tr4b20n'#'
Tr4b20n'#'!
Tr4b20n'#'$
Tr4b20n'#'%
Tr4b20n'#'&
Tr4b20n'#'*
Tr4b20n'#'@
Tr4b20n*
Tr4b20n*!
Tr4b20n*!!
Tr4b20n*!$
Tr4b20n*!%
Tr4b20n*!&
Tr4b20n*!*
Tr4b20n*!@
Tr4b20n*$
Tr4b20n*$!
Tr4b20n*$$
Tr4b20n*$%
Tr4b20n*$&
Tr4b20n*$*
Tr4b20n*$@
Tr4b20n*%
Tr4b20n*%!
Tr4b20n*%$
Tr4b20n*%%
Tr4b20n*%&
Tr4b20n*%*
Tr4b20n*%@
Tr4b20n*&
Tr4b20n*&!
Tr4b20n*&$
Tr4b20n*&%
Tr4b20n*&&
Tr4b20n*&*
Tr4b20n*&@
Tr4b20n*'#'
Tr4b20n**
Tr4b20n**!
Tr4b20n**$
Tr4b20n**%
Tr4b20n**&
Tr4b20n***
Tr4b20n**@
Tr4b20n*@
Tr4b20n*@!
Tr4b20n*@$
Tr4b20n*@%
Tr4b20n*@&
Tr4b20n*@*
Tr4b20n*@@
Tr4b20n0
Tr4b20n1
Tr4b20n10
Tr4b20n11
Tr4b20n12
Tr4b20n13
Tr4b20n14
Tr4b20n15
Tr4b20n16
Tr4b20n17
Tr4b20n18
Tr4b20n19
Tr4b20n1990
Tr4b20n1991
Tr4b20n1992
Tr4b20n1993
Tr4b20n1994
Tr4b20n1995
Tr4b20n1996
Tr4b20n1997
Tr4b20n1998
Tr4b20n1999
Tr4b20n2
Tr4b20n20
Tr4b20n2000
Tr4b20n2001
Tr4b20n2002
Tr4b20n2003
Tr4b20n2004
Tr4b20n2005
Tr4b20n2006
Tr4b20n2007
Tr4b20n2008
Tr4b20n2009
Tr4b20n2010
Tr4b20n2011
Tr4b20n2012
Tr4b20n2013
Tr4b20n2014
Tr4b20n2015
Tr4b20n2016
Tr4b20n2017
Tr4b20n2018
Tr4b20n2019
Tr4b20n2020
Tr4b20n21
Tr4b20n22
Tr4b20n23
Tr4b20n24
Tr4b20n25
Tr4b20n26
Tr4b20n27
Tr4b20n28
Tr4b20n29
Tr4b20n3
Tr4b20n30
Tr4b20n31
Tr4b20n32
Tr4b20n33
Tr4b20n34
Tr4b20n35
Tr4b20n36
Tr4b20n37
Tr4b20n38
Tr4b20n39
Tr4b20n4
Tr4b20n40
Tr4b20n41
Tr4b20n42
Tr4b20n43
Tr4b20n44
Tr4b20n45
Tr4b20n46
Tr4b20n47
Tr4b20n48
Tr4b20n49
Tr4b20n5
Tr4b20n50
Tr4b20n51
Tr4b20n52
Tr4b20n53
Tr4b20n54
Tr4b20n55
Tr4b20n56
Tr4b20n57
Tr4b20n58
Tr4b20n59
Tr4b20n6
Tr4b20n60
Tr4b20n61
Tr4b20n62
Tr4b20n63
Tr4b20n64
Tr4b20n65
Tr4b20n66
Tr4b20n67
Tr4b20n68
Tr4b20n69
Tr4b20n7
Tr4b20n70
Tr4b20n71
Tr4b20n72
Tr4b20n73
Tr4b20n74
Tr4b20n75
Tr4b20n76
Tr4b20n77
Tr4b20n78
Tr4b20n79
Tr4b20n8
Tr4b20n80
Tr4b20n81
Tr4b20n82
Tr4b20n83
Tr4b20n84
Tr4b20n85
Tr4b20n86
Tr4b20n87
Tr4b20n88
Tr4b20n89
Tr4b20n9
Tr4b20n90
Tr4b20n91
Tr4b20n92
Tr4b20n93
Tr4b20n94
Tr4b20n95
Tr4b20n96
Tr4b20n97
Tr4b20n98
Tr4b20n99
Tr4b20n@
Tr4b20n@!
Tr4b20n@!!
Tr4b20n@!$
Tr4b20n@!%
Tr4b20n@!&
Tr4b20n@!*
Tr4b20n@!@
Tr4b20n@$
Tr4b20n@$!
Tr4b20n@$$
Tr4b20n@$%
Tr4b20n@$&
Tr4b20n@$*
Tr4b20n@$@
Tr4b20n@%
Tr4b20n@%!
Tr4b20n@%$
Tr4b20n@%%
Tr4b20n@%&
Tr4b20n@%*
Tr4b20n@%@
Tr4b20n@&
Tr4b20n@&!
Tr4b20n@&$
Tr4b20n@&%
Tr4b20n@&&
Tr4b20n@&*
Tr4b20n@&@
Tr4b20n@'#'
Tr4b20n@*
Tr4b20n@*!
Tr4b20n@*$
Tr4b20n@*%
Tr4b20n@*&
Tr4b20n@**
Tr4b20n@*@
Tr4b20n@@
Tr4b20n@@!
Tr4b20n@@$
Tr4b20n@@%
Tr4b20n@@&
Tr4b20n@@*
Tr4b20n@@@
Trabzon
Trabzon!
Trabzon!!
Trabzon!!!
Trabzon!!$
Trabzon!!%
Trabzon!!&
Trabzon!!*
Trabzon!!@
Trabzon!$
Trabzon!$!
Trabzon!$$
Trabzon!$%
Trabzon!$&
Trabzon!$*
Trabzon!$@
Trabzon!%
Trabzon!%!
Trabzon!%$
Trabzon!%%
Trabzon!%&
Trabzon!%*
Trabzon!%@
Trabzon!&
Trabzon!&!
Trabzon!&$
Trabzon!&%
Trabzon!&&
Trabzon!&*
Trabzon!&@
Trabzon!'#'
Trabzon!*
Trabzon!*!
Trabzon!*$
Trabzon!*%
Trabzon!*&
Trabzon!**
Trabzon!*@
Trabzon!@
Trabzon!@!
Trabzon!@$
Trabzon!@%
Trabzon!@&
Trabzon!@*
Trabzon!@@
Trabzon$
Trabzon$!
Trabzon$!!
Trabzon$!$
Trabzon$!%
Trabzon$!&
Trabzon$!*
Trabzon$!@
Trabzon$$
Trabzon$$!
Trabzon$$$
Trabzon$$%
Trabzon$$&
Trabzon$$*
Trabzon$$@
Trabzon$%
Trabzon$%!
Trabzon$%$
Trabzon$%%
Trabzon$%&
Trabzon$%*
Trabzon$%@
Trabzon$&
Trabzon$&!
Trabzon$&$
Trabzon$&%
Trabzon$&&
Trabzon$&*
Trabzon$&@
Trabzon$'#'
Trabzon$*
Trabzon$*!
Trabzon$*$
Trabzon$*%
Trabzon$*&
Trabzon$**
Trabzon$*@
Trabzon$@
Trabzon$@!
Trabzon$@$
Trabzon$@%
Trabzon$@&
Trabzon$@*
Trabzon$@@
Trabzon%
Trabzon%!
Trabzon%!!
Trabzon%!$
Trabzon%!%
Trabzon%!&
Trabzon%!*
Trabzon%!@
Trabzon%$
Trabzon%$!
Trabzon%$$
Trabzon%$%
Trabzon%$&
Trabzon%$*
Trabzon%$@
Trabzon%%
Trabzon%%!
Trabzon%%$
Trabzon%%%
Trabzon%%&
Trabzon%%*
Trabzon%%@
Trabzon%&
Trabzon%&!
Trabzon%&$
Trabzon%&%
Trabzon%&&
Trabzon%&*
Trabzon%&@
Trabzon%'#'
Trabzon%*
Trabzon%*!
Trabzon%*$
Trabzon%*%
Trabzon%*&
Trabzon%**
Trabzon%*@
Trabzon%@
Trabzon%@!
Trabzon%@$
Trabzon%@%
Trabzon%@&
Trabzon%@*
Trabzon%@@
Trabzon&
Trabzon&!
Trabzon&!!
Trabzon&!$
Trabzon&!%
Trabzon&!&
Trabzon&!*
Trabzon&!@
Trabzon&$
Trabzon&$!
Trabzon&$$
Trabzon&$%
Trabzon&$&
Trabzon&$*
Trabzon&$@
Trabzon&%
Trabzon&%!
Trabzon&%$
Trabzon&%%
Trabzon&%&
Trabzon&%*
Trabzon&%@
Trabzon&&
Trabzon&&!
Trabzon&&$
Trabzon&&%
Trabzon&&&
Trabzon&&*
Trabzon&&@
Trabzon&'#'
Trabzon&*
Trabzon&*!
Trabzon&*$
Trabzon&*%
Trabzon&*&
Trabzon&**
Trabzon&*@
Trabzon&@
Trabzon&@!
Trabzon&@$
Trabzon&@%
Trabzon&@&
Trabzon&@*
Trabzon&@@
Trabzon'#'
Trabzon'#'!
Trabzon'#'$
Trabzon'#'%
Trabzon'#'&
Trabzon'#'*
Trabzon'#'@
Trabzon*
Trabzon*!
Trabzon*!!
Trabzon*!$
Trabzon*!%
Trabzon*!&
Trabzon*!*
Trabzon*!@
Trabzon*$
Trabzon*$!
Trabzon*$$
Trabzon*$%
Trabzon*$&
Trabzon*$*
Trabzon*$@
Trabzon*%
Trabzon*%!
Trabzon*%$
Trabzon*%%
Trabzon*%&
Trabzon*%*
Trabzon*%@
Trabzon*&
Trabzon*&!
Trabzon*&$
Trabzon*&%
Trabzon*&&
Trabzon*&*
Trabzon*&@
Trabzon*'#'
Trabzon**
Trabzon**!
Trabzon**$
Trabzon**%
Trabzon**&
Trabzon***
Trabzon**@
Trabzon*@
Trabzon*@!
Trabzon*@$
Trabzon*@%
Trabzon*@&
Trabzon*@*
Trabzon*@@
Trabzon0
Trabzon1
Trabzon10
Trabzon11
Trabzon12
Trabzon13
Trabzon14
Trabzon15
Trabzon16
Trabzon17
Trabzon18
Trabzon19
Trabzon1990
Trabzon1991
Trabzon1992
Trabzon1993
Trabzon1994
Trabzon1995
Trabzon1996
Trabzon1997
Trabzon1998
Trabzon1999
Trabzon2
Trabzon20
Trabzon2000
Trabzon2001
Trabzon2002
Trabzon2003
Trabzon2004
Trabzon2005
Trabzon2006
Trabzon2007
Trabzon2008
Trabzon2009
Trabzon2010
Trabzon2011
Trabzon2012
Trabzon2013
Trabzon2014
Trabzon2015
Trabzon2016
Trabzon2017
Trabzon2018
Trabzon2019
Trabzon2020
Trabzon21
Trabzon22
Trabzon23
Trabzon24
Trabzon25
Trabzon26
Trabzon27
Trabzon28
Trabzon29
Trabzon3
Trabzon30
Trabzon31
Trabzon32
Trabzon33
Trabzon34
Trabzon35
Trabzon36
Trabzon37
Trabzon38
Trabzon39
Trabzon4
Trabzon40
Trabzon41
Trabzon42
Trabzon43
Trabzon44
Trabzon45
Trabzon46
Trabzon47
Trabzon48
Trabzon49
Trabzon5
Trabzon50
Trabzon51
Trabzon52
Trabzon53
Trabzon54
Trabzon55
Trabzon56
Trabzon57
Trabzon58
Trabzon59
Trabzon6
Trabzon60
Trabzon61
Trabzon62
Trabzon63
Trabzon64
Trabzon65
Trabzon66
Trabzon67
Trabzon68
Trabzon69
Trabzon7
Trabzon70
Trabzon71
Trabzon72
Trabzon73
Trabzon74
Trabzon75
Trabzon76
Trabzon77
Trabzon78
Trabzon79
Trabzon8
Trabzon80
Trabzon81
Trabzon82
Trabzon83
Trabzon84
Trabzon85
Trabzon86
Trabzon87
Trabzon88
Trabzon89
Trabzon9
Trabzon90
Trabzon91
Trabzon92
Trabzon93
Trabzon94
Trabzon95
Trabzon96
Trabzon97
Trabzon98
Trabzon99
Trabzon@
Trabzon@!
Trabzon@!!
Trabzon@!$
Trabzon@!%
Trabzon@!&
Trabzon@!*
Trabzon@!@
Trabzon@$
Trabzon@$!
Trabzon@$$
Trabzon@$%
Trabzon@$&
Trabzon@$*
Trabzon@$@
Trabzon@%
Trabzon@%!
Trabzon@%$
Trabzon@%%
Trabzon@%&
Trabzon@%*
Trabzon@%@
Trabzon@&
Trabzon@&!
Trabzon@&$
Trabzon@&%
Trabzon@&&
Trabzon@&*
Trabzon@&@
Trabzon@'#'
Trabzon@*
Trabzon@*!
Trabzon@*$
Trabzon@*%
Trabzon@*&
Trabzon@**
Trabzon@*@
Trabzon@@
Trabzon@@!
Trabzon@@$
Trabzon@@%
Trabzon@@&
Trabzon@@*
Trabzon@@@
W4lk5w493n
W4lk5w493n!
W4lk5w493n$
W4lk5w493n%
W4lk5w493n&
W4lk5w493n*
W4lk5w493n0
W4lk5w493n1
W4lk5w493n2
W4lk5w493n3
W4lk5w493n4
W4lk5w493n5
W4lk5w493n6
W4lk5w493n7
W4lk5w493n8
W4lk5w493n9
W4lk5w493n@
Walkswagen
Walkswagen!
Walkswagen$
Walkswagen%
Walkswagen&
Walkswagen*
Walkswagen0
Walkswagen1
Walkswagen2
Walkswagen3
Walkswagen4
Walkswagen5
Walkswagen6
Walkswagen7
Walkswagen8
Walkswagen9
Walkswagen@
bur54!
bur54!!
bur54!!!
bur54!!$
bur54!!%
bur54!!&
bur54!!'#'
bur54!!*
bur54!!@
bur54!$
bur54!$!
bur54!$$
bur54!$%
bur54!$&
bur54!$'#'
bur54!$*
bur54!$@
bur54!%
bur54!%!
bur54!%$
bur54!%%
bur54!%&
bur54!%'#'
bur54!%*
bur54!%@
bur54!&
bur54!&!
bur54!&$
bur54!&%
bur54!&&
bur54!&'#'
bur54!&*
bur54!&@
bur54!'#'
bur54!'#'!
bur54!'#'$
bur54!'#'%
bur54!'#'&
bur54!'#'*
bur54!'#'@
bur54!*
bur54!*!
bur54!*$
bur54!*%
bur54!*&
bur54!*'#'
bur54!**
bur54!*@
bur54!@
bur54!@!
bur54!@$
bur54!@%
bur54!@&
bur54!@'#'
bur54!@*
bur54!@@
bur54$
bur54$!
bur54$!!
bur54$!$
bur54$!%
bur54$!&
bur54$!'#'
bur54$!*
bur54$!@
bur54$$
bur54$$!
bur54$$$
bur54$$%
bur54$$&
bur54$$'#'
bur54$$*
bur54$$@
bur54$%
bur54$%!
bur54$%$
bur54$%%
bur54$%&
bur54$%'#'
bur54$%*
bur54$%@
bur54$&
bur54$&!
bur54$&$
bur54$&%
bur54$&&
bur54$&'#'
bur54$&*
bur54$&@
bur54$'#'
bur54$'#'!
bur54$'#'$
bur54$'#'%
bur54$'#'&
bur54$'#'*
bur54$'#'@
bur54$*
bur54$*!
bur54$*$
bur54$*%
bur54$*&
bur54$*'#'
bur54$**
bur54$*@
bur54$@
bur54$@!
bur54$@$
bur54$@%
bur54$@&
bur54$@'#'
bur54$@*
bur54$@@
bur54%
bur54%!
bur54%!!
bur54%!$
bur54%!%
bur54%!&
bur54%!'#'
bur54%!*
bur54%!@
bur54%$
bur54%$!
bur54%$$
bur54%$%
bur54%$&
bur54%$'#'
bur54%$*
bur54%$@
bur54%%
bur54%%!
bur54%%$
bur54%%%
bur54%%&
bur54%%'#'
bur54%%*
bur54%%@
bur54%&
bur54%&!
bur54%&$
bur54%&%
bur54%&&
bur54%&'#'
bur54%&*
bur54%&@
bur54%'#'
bur54%'#'!
bur54%'#'$
bur54%'#'%
bur54%'#'&
bur54%'#'*
bur54%'#'@
bur54%*
bur54%*!
bur54%*$
bur54%*%
bur54%*&
bur54%*'#'
bur54%**
bur54%*@
bur54%@
bur54%@!
bur54%@$
bur54%@%
bur54%@&
bur54%@'#'
bur54%@*
bur54%@@
bur54&
bur54&!
bur54&!!
bur54&!$
bur54&!%
bur54&!&
bur54&!'#'
bur54&!*
bur54&!@
bur54&$
bur54&$!
bur54&$$
bur54&$%
bur54&$&
bur54&$'#'
bur54&$*
bur54&$@
bur54&%
bur54&%!
bur54&%$
bur54&%%
bur54&%&
bur54&%'#'
bur54&%*
bur54&%@
bur54&&
bur54&&!
bur54&&$
bur54&&%
bur54&&&
bur54&&'#'
bur54&&*
bur54&&@
bur54&'#'
bur54&'#'!
bur54&'#'$
bur54&'#'%
bur54&'#'&
bur54&'#'*
bur54&'#'@
bur54&*
bur54&*!
bur54&*$
bur54&*%
bur54&*&
bur54&*'#'
bur54&**
bur54&*@
bur54&@
bur54&@!
bur54&@$
bur54&@%
bur54&@&
bur54&@'#'
bur54&@*
bur54&@@
bur54'#'
bur54'#'!
bur54'#'!!
bur54'#'!$
bur54'#'!%
bur54'#'!&
bur54'#'!*
bur54'#'!@
bur54'#'$
bur54'#'$!
bur54'#'$$
bur54'#'$%
bur54'#'$&
bur54'#'$*
bur54'#'$@
bur54'#'%
bur54'#'%!
bur54'#'%$
bur54'#'%%
bur54'#'%&
bur54'#'%*
bur54'#'%@
bur54'#'&
bur54'#'&!
bur54'#'&$
bur54'#'&%
bur54'#'&&
bur54'#'&*
bur54'#'&@
bur54'#''#'
bur54'#'*
bur54'#'*!
bur54'#'*$
bur54'#'*%
bur54'#'*&
bur54'#'**
bur54'#'*@
bur54'#'@
bur54'#'@!
bur54'#'@$
bur54'#'@%
bur54'#'@&
bur54'#'@*
bur54'#'@@
bur54*
bur54*!
bur54*!!
bur54*!$
bur54*!%
bur54*!&
bur54*!'#'
bur54*!*
bur54*!@
bur54*$
bur54*$!
bur54*$$
bur54*$%
bur54*$&
bur54*$'#'
bur54*$*
bur54*$@
bur54*%
bur54*%!
bur54*%$
bur54*%%
bur54*%&
bur54*%'#'
bur54*%*
bur54*%@
bur54*&
bur54*&!
bur54*&$
bur54*&%
bur54*&&
bur54*&'#'
bur54*&*
bur54*&@
bur54*'#'
bur54*'#'!
bur54*'#'$
bur54*'#'%
bur54*'#'&
bur54*'#'*
bur54*'#'@
bur54**
bur54**!
bur54**$
bur54**%
bur54**&
bur54**'#'
bur54***
bur54**@
bur54*@
bur54*@!
bur54*@$
bur54*@%
bur54*@&
bur54*@'#'
bur54*@*
bur54*@@
bur540
bur54002
bur5400202
bur54002021
bur54002023
bur5400203
bur54002031
bur54002033
bur540021
bur54002102
bur54002103
bur5400211
bur54002111
bur54002113
bur5400213
bur540023
bur54002302
bur54002303
bur5400231
bur54002311
bur5402
bur5402002
bur54020021
bur54020023
bur540203
bur5402031
bur54020311
bur5402033
bur54021
bur54021002
bur5402103
bur540211
bur54021103
bur5402111
bur5402113
bur540213
bur54022002
bur54023
bur54023002
bur5402303
bur540231
bur5402311
bur5403
bur5403002
bur54030021
bur54030023
bur540302
bur5403021
bur54030211
bur5403023
bur54031
bur54031002
bur5403102
bur540311
bur54031102
bur5403111
bur5403113
bur540313
bur54032002
bur54033
bur54033002
bur5403302
bur540331
bur5403311
bur541
bur5410
bur541002
bur54100202
bur54100203
bur54100211
bur5410023
bur54102
bur54102002
bur5410203
bur5410211
bur541023
bur54103
bur54103002
bur5410302
bur5410311
bur541033
bur5411
bur5411002
bur54110021
bur54110023
bur541102
bur54110203
bur5411021
bur5411023
bur541103
bur54110302
bur5411031
bur5411033
bur54111
bur54111002
bur5411102
bur5411103
bur541113
bur54112002
bur54113
bur54113002
bur5411302
bur5411303
bur541131
bur5412
bur5412002
bur54120023
bur5413
bur5413002
bur541302
bur541303
bur541311
bur54132002
bur5414
bur5415
bur5416
bur5417
bur5418
bur5419
bur541990
bur541991
bur541992
bur541993
bur541994
bur541995
bur541996
bur541997
bur541998
bur541999
bur542
bur5420
bur542000
bur542001
bur542002
bur54200202
bur54200203
bur5420021
bur54200211
bur54200213
bur5420023
bur54200231
bur542003
bur542004
bur542005
bur542006
bur542007
bur542008
bur542009
bur542010
bur542011
bur542012
bur542013
bur542014
bur542015
bur542016
bur542017
bur542018
bur542019
bur542020
bur5421
bur5422
bur5423
bur5424
bur5425
bur5426
bur5427
bur5428
bur5429
bur543
bur5430
bur543002
bur54300202
bur54300203
bur5430021
bur54300211
bur54302
bur54302002
bur5430203
bur543021
bur5430211
bur54303
bur54303002
bur5430302
bur543031
bur5430311
bur5431
bur5431002
bur543102
bur543103
bur54311
bur54311002
bur5431102
bur5431103
bur543111
bur54312002
bur5432
bur5432002
bur54320021
bur5433
bur5434
bur5435
bur5436
bur5437
bur5438
bur5439
bur544
bur5440
bur5441
bur5442
bur5443
bur5444
bur5445
bur5446
bur5447
bur5448
bur5449
bur545
bur5450
bur5451
bur5452
bur5453
bur5454
bur5455
bur5456
bur5457
bur5458
bur5459
bur546
bur5460
bur5461
bur5462
bur5463
bur5464
bur5465
bur5466
bur5467
bur5468
bur5469
bur547
bur5470
bur5471
bur5472
bur5473
bur5474
bur5475
bur5476
bur5477
bur5478
bur5479
bur548
bur5480
bur5481
bur5482
bur5483
bur5484
bur5485
bur5486
bur5487
bur5488
bur5489
bur549
bur5490
bur5491
bur5492
bur5493
bur5494
bur5495
bur5496
bur5497
bur5498
bur5499
bur54@
bur54@!
bur54@!!
bur54@!$
bur54@!%
bur54@!&
bur54@!'#'
bur54@!*
bur54@!@
bur54@$
bur54@$!
bur54@$$
bur54@$%
bur54@$&
bur54@$'#'
bur54@$*
bur54@$@
bur54@%
bur54@%!
bur54@%$
bur54@%%
bur54@%&
bur54@%'#'
bur54@%*
bur54@%@
bur54@&
bur54@&!
bur54@&$
bur54@&%
bur54@&&
bur54@&'#'
bur54@&*
bur54@&@
bur54@'#'
bur54@'#'!
bur54@'#'$
bur54@'#'%
bur54@'#'&
bur54@'#'*
bur54@'#'@
bur54@*
bur54@*!
bur54@*$
bur54@*%
bur54@*&
bur54@*'#'
bur54@**
bur54@*@
bur54@@
bur54@@!
bur54@@$
bur54@@%
bur54@@&
bur54@@'#'
bur54@@*
bur54@@@
bur54Kur4k
bur54Kur4k!
bur54Kur4k$
bur54Kur4k%
bur54Kur4k&
bur54Kur4k*
bur54Kur4k0
bur54Kur4k1
bur54Kur4k2
bur54Kur4k3
bur54Kur4k4
bur54Kur4k5
bur54Kur4k6
bur54Kur4k7
bur54Kur4k8
bur54Kur4k9
bur54Kur4k@
bur54_002
bur54_00202
bur54_00203
bur54_0021
bur54_00211
bur54_00213
bur54_0023
bur54_00231
bur54_02
bur54_02002
bur54_0203
bur54_02031
bur54_02033
bur54_021
bur54_02103
bur54_0211
bur54_02111
bur54_02113
bur54_0213
bur54_023
bur54_02303
bur54_0231
bur54_02311
bur54_03
bur54_03002
bur54_0302
bur54_03021
bur54_03023
bur54_031
bur54_03102
bur54_0311
bur54_03111
bur54_03113
bur54_0313
bur54_033
bur54_03302
bur54_0331
bur54_03311
bur54_1
bur54_1002
bur54_10023
bur54_102
bur54_10203
bur54_10211
bur54_1023
bur54_103
bur54_10302
bur54_10311
bur54_1033
bur54_11
bur54_11002
bur54_1102
bur54_11021
bur54_11023
bur54_1103
bur54_11031
bur54_11033
bur54_111
bur54_11102
bur54_11103
bur54_1113
bur54_113
bur54_11302
bur54_11303
bur54_1131
bur54_12002
bur54_13
bur54_13002
bur54_1302
bur54_1303
bur54_1311
bur54_1990
bur54_1991
bur54_1992
bur54_1993
bur54_1994
bur54_1995
bur54_1996
bur54_1997
bur54_1998
bur54_1999
bur54_2000
bur54_2001
bur54_2002
bur54_20021
bur54_20023
bur54_2003
bur54_2004
bur54_2005
bur54_2006
bur54_2007
bur54_2008
bur54_2009
bur54_2010
bur54_2011
bur54_2012
bur54_2013
bur54_2014
bur54_2015
bur54_2016
bur54_2017
bur54_2018
bur54_2019
bur54_2020
bur54_3
bur54_3002
bur54_30021
bur54_302
bur54_30203
bur54_3021
bur54_30211
bur54_303
bur54_30302
bur54_3031
bur54_30311
bur54_31
bur54_31002
bur54_3102
bur54_3103
bur54_311
bur54_31102
bur54_31103
bur54_3111
bur54_32002
bur54kur4k
bur54kur4k!
bur54kur4k$
bur54kur4k%
bur54kur4k&
bur54kur4k*
bur54kur4k0
bur54kur4k1
bur54kur4k2
bur54kur4k3
bur54kur4k4
bur54kur4k5
bur54kur4k6
bur54kur4k7
bur54kur4k8
bur54kur4k9
bur54kur4k@
bursa!
bursa!!
bursa!!!
bursa!!$
bursa!!%
bursa!!&
bursa!!'#'
bursa!!*
bursa!!@
bursa!$
bursa!$!
bursa!$$
bursa!$%
bursa!$&
bursa!$'#'
bursa!$*
bursa!$@
bursa!%
bursa!%!
bursa!%$
bursa!%%
bursa!%&
bursa!%'#'
bursa!%*
bursa!%@
bursa!&
bursa!&!
bursa!&$
bursa!&%
bursa!&&
bursa!&'#'
bursa!&*
bursa!&@
bursa!'#'
bursa!'#'!
bursa!'#'$
bursa!'#'%
bursa!'#'&
bursa!'#'*
bursa!'#'@
bursa!*
bursa!*!
bursa!*$
bursa!*%
bursa!*&
bursa!*'#'
bursa!**
bursa!*@
bursa!@
bursa!@!
bursa!@$
bursa!@%
bursa!@&
bursa!@'#'
bursa!@*
bursa!@@
bursa$
bursa$!
bursa$!!
bursa$!$
bursa$!%
bursa$!&
bursa$!'#'
bursa$!*
bursa$!@
bursa$$
bursa$$!
bursa$$$
bursa$$%
bursa$$&
bursa$$'#'
bursa$$*
bursa$$@
bursa$%
bursa$%!
bursa$%$
bursa$%%
bursa$%&
bursa$%'#'
bursa$%*
bursa$%@
bursa$&
bursa$&!
bursa$&$
bursa$&%
bursa$&&
bursa$&'#'
bursa$&*
bursa$&@
bursa$'#'
bursa$'#'!
bursa$'#'$
bursa$'#'%
bursa$'#'&
bursa$'#'*
bursa$'#'@
bursa$*
bursa$*!
bursa$*$
bursa$*%
bursa$*&
bursa$*'#'
bursa$**
bursa$*@
bursa$@
bursa$@!
bursa$@$
bursa$@%
bursa$@&
bursa$@'#'
bursa$@*
bursa$@@
bursa%
bursa%!
bursa%!!
bursa%!$
bursa%!%
bursa%!&
bursa%!'#'
bursa%!*
bursa%!@
bursa%$
bursa%$!
bursa%$$
bursa%$%
bursa%$&
bursa%$'#'
bursa%$*
bursa%$@
bursa%%
bursa%%!
bursa%%$
bursa%%%
bursa%%&
bursa%%'#'
bursa%%*
bursa%%@
bursa%&
bursa%&!
bursa%&$
bursa%&%
bursa%&&
bursa%&'#'
bursa%&*
bursa%&@
bursa%'#'
bursa%'#'!
bursa%'#'$
bursa%'#'%
bursa%'#'&
bursa%'#'*
bursa%'#'@
bursa%*
bursa%*!
bursa%*$
bursa%*%
bursa%*&
bursa%*'#'
bursa%**
bursa%*@
bursa%@
bursa%@!
bursa%@$
bursa%@%
bursa%@&
bursa%@'#'
bursa%@*
bursa%@@
bursa&
bursa&!
bursa&!!
bursa&!$
bursa&!%
bursa&!&
bursa&!'#'
bursa&!*
bursa&!@
bursa&$
bursa&$!
bursa&$$
bursa&$%
bursa&$&
bursa&$'#'
bursa&$*
bursa&$@
bursa&%
bursa&%!
bursa&%$
bursa&%%
bursa&%&
bursa&%'#'
bursa&%*
bursa&%@
bursa&&
bursa&&!
bursa&&$
bursa&&%
bursa&&&
bursa&&'#'
bursa&&*
bursa&&@
bursa&'#'
bursa&'#'!
bursa&'#'$
bursa&'#'%
bursa&'#'&
bursa&'#'*
bursa&'#'@
bursa&*
bursa&*!
bursa&*$
bursa&*%
bursa&*&
bursa&*'#'
bursa&**
bursa&*@
bursa&@
bursa&@!
bursa&@$
bursa&@%
bursa&@&
bursa&@'#'
bursa&@*
bursa&@@
bursa'#'
bursa'#'!
bursa'#'!!
bursa'#'!$
bursa'#'!%
bursa'#'!&
bursa'#'!*
bursa'#'!@
bursa'#'$
bursa'#'$!
bursa'#'$$
bursa'#'$%
bursa'#'$&
bursa'#'$*
bursa'#'$@
bursa'#'%
bursa'#'%!
bursa'#'%$
bursa'#'%%
bursa'#'%&
bursa'#'%*
bursa'#'%@
bursa'#'&
bursa'#'&!
bursa'#'&$
bursa'#'&%
bursa'#'&&
bursa'#'&*
bursa'#'&@
bursa'#''#'
bursa'#'*
bursa'#'*!
bursa'#'*$
bursa'#'*%
bursa'#'*&
bursa'#'**
bursa'#'*@
bursa'#'@
bursa'#'@!
bursa'#'@$
bursa'#'@%
bursa'#'@&
bursa'#'@*
bursa'#'@@
bursa*
bursa*!
bursa*!!
bursa*!$
bursa*!%
bursa*!&
bursa*!'#'
bursa*!*
bursa*!@
bursa*$
bursa*$!
bursa*$$
bursa*$%
bursa*$&
bursa*$'#'
bursa*$*
bursa*$@
bursa*%
bursa*%!
bursa*%$
bursa*%%
bursa*%&
bursa*%'#'
bursa*%*
bursa*%@
bursa*&
bursa*&!
bursa*&$
bursa*&%
bursa*&&
bursa*&'#'
bursa*&*
bursa*&@
bursa*'#'
bursa*'#'!
bursa*'#'$
bursa*'#'%
bursa*'#'&
bursa*'#'*
bursa*'#'@
bursa**
bursa**!
bursa**$
bursa**%
bursa**&
bursa**'#'
bursa***
bursa**@
bursa*@
bursa*@!
bursa*@$
bursa*@%
bursa*@&
bursa*@'#'
bursa*@*
bursa*@@
bursa0
bursa002
bursa00202
bursa002021
bursa002023
bursa00203
bursa002031
bursa002033
bursa0021
bursa002102
bursa002103
bursa00211
bursa002111
bursa002113
bursa00213
bursa0023
bursa002302
bursa002303
bursa00231
bursa002311
bursa02
bursa02002
bursa020021
bursa020023
bursa0203
bursa02031
bursa020311
bursa02033
bursa021
bursa021002
bursa02103
bursa0211
bursa021103
bursa02111
bursa02113
bursa0213
bursa022002
bursa023
bursa023002
bursa02303
bursa0231
bursa02311
bursa03
bursa03002
bursa030021
bursa030023
bursa0302
bursa03021
bursa030211
bursa03023
bursa031
bursa031002
bursa03102
bursa0311
bursa031102
bursa03111
bursa03113
bursa0313
bursa032002
bursa033
bursa033002
bursa03302
bursa0331
bursa03311
bursa1
bursa10
bursa1002
bursa100202
bursa100203
bursa100211
bursa10023
bursa102
bursa102002
bursa10203
bursa10211
bursa1023
bursa103
bursa103002
bursa10302
bursa10311
bursa1033
bursa11
bursa11002
bursa110021
bursa110023
bursa1102
bursa110203
bursa11021
bursa11023
bursa1103
bursa110302
bursa11031
bursa11033
bursa111
bursa111002
bursa11102
bursa11103
bursa1113
bursa112002
bursa113
bursa113002
bursa11302
bursa11303
bursa1131
bursa12
bursa12002
bursa120023
bursa13
bursa13002
bursa1302
bursa1303
bursa1311
bursa132002
bursa14
bursa15
bursa16
bursa17
bursa18
bursa19
bursa1990
bursa1991
bursa1992
bursa1993
bursa1994
bursa1995
bursa1996
bursa1997
bursa1998
bursa1999
bursa2
bursa20
bursa2000
bursa2001
bursa2002
bursa200202
bursa200203
bursa20021
bursa200211
bursa200213
bursa20023
bursa200231
bursa2003
bursa2004
bursa2005
bursa2006
bursa2007
bursa2008
bursa2009
bursa2010
bursa2011
bursa2012
bursa2013
bursa2014
bursa2015
bursa2016
bursa2017
bursa2018
bursa2019
bursa2020
bursa21
bursa22
bursa23
bursa24
bursa25
bursa26
bursa27
bursa28
bursa29
bursa3
bursa30
bursa3002
bursa300202
bursa300203
bursa30021
bursa300211
bursa302
bursa302002
bursa30203
bursa3021
bursa30211
bursa303
bursa303002
bursa30302
bursa3031
bursa30311
bursa31
bursa31002
bursa3102
bursa3103
bursa311
bursa311002
bursa31102
bursa31103
bursa3111
bursa312002
bursa32
bursa32002
bursa320021
bursa33
bursa34
bursa35
bursa36
bursa37
bursa38
bursa39
bursa4
bursa40
bursa41
bursa42
bursa43
bursa44
bursa45
bursa46
bursa47
bursa48
bursa49
bursa5
bursa50
bursa51
bursa52
bursa53
bursa54
bursa55
bursa56
bursa57
bursa58
bursa59
bursa6
bursa60
bursa61
bursa62
bursa63
bursa64
bursa65
bursa66
bursa67
bursa68
bursa69
bursa7
bursa70
bursa71
bursa72
bursa73
bursa74
bursa75
bursa76
bursa77
bursa78
bursa79
bursa8
bursa80
bursa81
bursa82
bursa83
bursa84
bursa85
bursa86
bursa87
bursa88
bursa89
bursa9
bursa90
bursa91
bursa92
bursa93
bursa94
bursa95
bursa96
bursa97
bursa98
bursa99
bursa@
bursa@!
bursa@!!
bursa@!$
bursa@!%
bursa@!&
bursa@!'#'
bursa@!*
bursa@!@
bursa@$
bursa@$!
bursa@$$
bursa@$%
bursa@$&
bursa@$'#'
bursa@$*
bursa@$@
bursa@%
bursa@%!
bursa@%$
bursa@%%
bursa@%&
bursa@%'#'
bursa@%*
bursa@%@
bursa@&
bursa@&!
bursa@&$
bursa@&%
bursa@&&
bursa@&'#'
bursa@&*
bursa@&@
bursa@'#'
bursa@'#'!
bursa@'#'$
bursa@'#'%
bursa@'#'&
bursa@'#'*
bursa@'#'@
bursa@*
bursa@*!
bursa@*$
bursa@*%
bursa@*&
bursa@*'#'
bursa@**
bursa@*@
bursa@@
bursa@@!
bursa@@$
bursa@@%
bursa@@&
bursa@@'#'
bursa@@*
bursa@@@
bursaKurak
bursaKurak!
bursaKurak$
bursaKurak%
bursaKurak&
bursaKurak*
bursaKurak0
bursaKurak1
bursaKurak2
bursaKurak3
bursaKurak4
bursaKurak5
bursaKurak6
bursaKurak7
bursaKurak8
bursaKurak9
bursaKurak@
bursa_002
bursa_00202
bursa_00203
bursa_0021
bursa_00211
bursa_00213
bursa_0023
bursa_00231
bursa_02
bursa_02002
bursa_0203
bursa_02031
bursa_02033
bursa_021
bursa_02103
bursa_0211
bursa_02111
bursa_02113
bursa_0213
bursa_023
bursa_02303
bursa_0231
bursa_02311
bursa_03
bursa_03002
bursa_0302
bursa_03021
bursa_03023
bursa_031
bursa_03102
bursa_0311
bursa_03111
bursa_03113
bursa_0313
bursa_033
bursa_03302
bursa_0331
bursa_03311
bursa_1
bursa_1002
bursa_10023
bursa_102
bursa_10203
bursa_10211
bursa_1023
bursa_103
bursa_10302
bursa_10311
bursa_1033
bursa_11
bursa_11002
bursa_1102
bursa_11021
bursa_11023
bursa_1103
bursa_11031
bursa_11033
bursa_111
bursa_11102
bursa_11103
bursa_1113
bursa_113
bursa_11302
bursa_11303
bursa_1131
bursa_12002
bursa_13
bursa_13002
bursa_1302
bursa_1303
bursa_1311
bursa_1990
bursa_1991
bursa_1992
bursa_1993
bursa_1994
bursa_1995
bursa_1996
bursa_1997
bursa_1998
bursa_1999
bursa_2000
bursa_2001
bursa_2002
bursa_20021
bursa_20023
bursa_2003
bursa_2004
bursa_2005
bursa_2006
bursa_2007
bursa_2008
bursa_2009
bursa_2010
bursa_2011
bursa_2012
bursa_2013
bursa_2014
bursa_2015
bursa_2016
bursa_2017
bursa_2018
bursa_2019
bursa_2020
bursa_3
bursa_3002
bursa_30021
bursa_302
bursa_30203
bursa_3021
bursa_30211
bursa_303
bursa_30302
bursa_3031
bursa_30311
bursa_31
bursa_31002
bursa_3102
bursa_3103
bursa_311
bursa_31102
bursa_31103
bursa_3111
bursa_32002
bursakurak
bursakurak!
bursakurak$
bursakurak%
bursakurak&
bursakurak*
bursakurak0
bursakurak1
bursakurak2
bursakurak3
bursakurak4
bursakurak5
bursakurak6
bursakurak7
bursakurak8
bursakurak9
bursakurak@
kur4k!
kur4k!!
kur4k!!!
kur4k!!$
kur4k!!%
kur4k!!&
kur4k!!'#'
kur4k!!*
kur4k!!@
kur4k!$
kur4k!$!
kur4k!$$
kur4k!$%
kur4k!$&
kur4k!$'#'
kur4k!$*
kur4k!$@
kur4k!%
kur4k!%!
kur4k!%$
kur4k!%%
kur4k!%&
kur4k!%'#'
kur4k!%*
kur4k!%@
kur4k!&
kur4k!&!
kur4k!&$
kur4k!&%
kur4k!&&
kur4k!&'#'
kur4k!&*
kur4k!&@
kur4k!'#'
kur4k!'#'!
kur4k!'#'$
kur4k!'#'%
kur4k!'#'&
kur4k!'#'*
kur4k!'#'@
kur4k!*
kur4k!*!
kur4k!*$
kur4k!*%
kur4k!*&
kur4k!*'#'
kur4k!**
kur4k!*@
kur4k!@
kur4k!@!
kur4k!@$
kur4k!@%
kur4k!@&
kur4k!@'#'
kur4k!@*
kur4k!@@
kur4k$
kur4k$!
kur4k$!!
kur4k$!$
kur4k$!%
kur4k$!&
kur4k$!'#'
kur4k$!*
kur4k$!@
kur4k$$
kur4k$$!
kur4k$$$
kur4k$$%
kur4k$$&
kur4k$$'#'
kur4k$$*
kur4k$$@
kur4k$%
kur4k$%!
kur4k$%$
kur4k$%%
kur4k$%&
kur4k$%'#'
kur4k$%*
kur4k$%@
kur4k$&
kur4k$&!
kur4k$&$
kur4k$&%
kur4k$&&
kur4k$&'#'
kur4k$&*
kur4k$&@
kur4k$'#'
kur4k$'#'!
kur4k$'#'$
kur4k$'#'%
kur4k$'#'&
kur4k$'#'*
kur4k$'#'@
kur4k$*
kur4k$*!
kur4k$*$
kur4k$*%
kur4k$*&
kur4k$*'#'
kur4k$**
kur4k$*@
kur4k$@
kur4k$@!
kur4k$@$
kur4k$@%
kur4k$@&
kur4k$@'#'
kur4k$@*
kur4k$@@
kur4k%
kur4k%!
kur4k%!!
kur4k%!$
kur4k%!%
kur4k%!&
kur4k%!'#'
kur4k%!*
kur4k%!@
kur4k%$
kur4k%$!
kur4k%$$
kur4k%$%
kur4k%$&
kur4k%$'#'
kur4k%$*
kur4k%$@
kur4k%%
kur4k%%!
kur4k%%$
kur4k%%%
kur4k%%&
kur4k%%'#'
kur4k%%*
kur4k%%@
kur4k%&
kur4k%&!
kur4k%&$
kur4k%&%
kur4k%&&
kur4k%&'#'
kur4k%&*
kur4k%&@
kur4k%'#'
kur4k%'#'!
kur4k%'#'$
kur4k%'#'%
kur4k%'#'&
kur4k%'#'*
kur4k%'#'@
kur4k%*
kur4k%*!
kur4k%*$
kur4k%*%
kur4k%*&
kur4k%*'#'
kur4k%**
kur4k%*@
kur4k%@
kur4k%@!
kur4k%@$
kur4k%@%
kur4k%@&
kur4k%@'#'
kur4k%@*
kur4k%@@
kur4k&
kur4k&!
kur4k&!!
kur4k&!$
kur4k&!%
kur4k&!&
kur4k&!'#'
kur4k&!*
kur4k&!@
kur4k&$
kur4k&$!
kur4k&$$
kur4k&$%
kur4k&$&
kur4k&$'#'
kur4k&$*
kur4k&$@
kur4k&%
kur4k&%!
kur4k&%$
kur4k&%%
kur4k&%&
kur4k&%'#'
kur4k&%*
kur4k&%@
kur4k&&
kur4k&&!
kur4k&&$
kur4k&&%
kur4k&&&
kur4k&&'#'
kur4k&&*
kur4k&&@
kur4k&'#'
kur4k&'#'!
kur4k&'#'$
kur4k&'#'%
kur4k&'#'&
kur4k&'#'*
kur4k&'#'@
kur4k&*
kur4k&*!
kur4k&*$
kur4k&*%
kur4k&*&
kur4k&*'#'
kur4k&**
kur4k&*@
kur4k&@
kur4k&@!
kur4k&@$
kur4k&@%
kur4k&@&
kur4k&@'#'
kur4k&@*
kur4k&@@
kur4k'#'
kur4k'#'!
kur4k'#'!!
kur4k'#'!$
kur4k'#'!%
kur4k'#'!&
kur4k'#'!*
kur4k'#'!@
kur4k'#'$
kur4k'#'$!
kur4k'#'$$
kur4k'#'$%
kur4k'#'$&
kur4k'#'$*
kur4k'#'$@
kur4k'#'%
kur4k'#'%!
kur4k'#'%$
kur4k'#'%%
kur4k'#'%&
kur4k'#'%*
kur4k'#'%@
kur4k'#'&
kur4k'#'&!
kur4k'#'&$
kur4k'#'&%
kur4k'#'&&
kur4k'#'&*
kur4k'#'&@
kur4k'#''#'
kur4k'#'*
kur4k'#'*!
kur4k'#'*$
kur4k'#'*%
kur4k'#'*&
kur4k'#'**
kur4k'#'*@
kur4k'#'@
kur4k'#'@!
kur4k'#'@$
kur4k'#'@%
kur4k'#'@&
kur4k'#'@*
kur4k'#'@@
kur4k*
kur4k*!
kur4k*!!
kur4k*!$
kur4k*!%
kur4k*!&
kur4k*!'#'
kur4k*!*
kur4k*!@
kur4k*$
kur4k*$!
kur4k*$$
kur4k*$%
kur4k*$&
kur4k*$'#'
kur4k*$*
kur4k*$@
kur4k*%
kur4k*%!
kur4k*%$
kur4k*%%
kur4k*%&
kur4k*%'#'
kur4k*%*
kur4k*%@
kur4k*&
kur4k*&!
kur4k*&$
kur4k*&%
kur4k*&&
kur4k*&'#'
kur4k*&*
kur4k*&@
kur4k*'#'
kur4k*'#'!
kur4k*'#'$
kur4k*'#'%
kur4k*'#'&
kur4k*'#'*
kur4k*'#'@
kur4k**
kur4k**!
kur4k**$
kur4k**%
kur4k**&
kur4k**'#'
kur4k***
kur4k**@
kur4k*@
kur4k*@!
kur4k*@$
kur4k*@%
kur4k*@&
kur4k*@'#'
kur4k*@*
kur4k*@@
kur4k0
kur4k002
kur4k00202
kur4k002021
kur4k002023
kur4k00203
kur4k002031
kur4k002033
kur4k0021
kur4k002102
kur4k002103
kur4k00211
kur4k002111
kur4k002113
kur4k00213
kur4k0023
kur4k002302
kur4k002303
kur4k00231
kur4k002311
kur4k02
kur4k02002
kur4k020021
kur4k020023
kur4k0203
kur4k02031
kur4k020311
kur4k02033
kur4k021
kur4k021002
kur4k02103
kur4k0211
kur4k021103
kur4k02111
kur4k02113
kur4k0213
kur4k022002
kur4k023
kur4k023002
kur4k02303
kur4k0231
kur4k02311
kur4k03
kur4k03002
kur4k030021
kur4k030023
kur4k0302
kur4k03021
kur4k030211
kur4k03023
kur4k031
kur4k031002
kur4k03102
kur4k0311
kur4k031102
kur4k03111
kur4k03113
kur4k0313
kur4k032002
kur4k033
kur4k033002
kur4k03302
kur4k0331
kur4k03311
kur4k1
kur4k10
kur4k1002
kur4k100202
kur4k100203
kur4k100211
kur4k10023
kur4k102
kur4k102002
kur4k10203
kur4k10211
kur4k1023
kur4k103
kur4k103002
kur4k10302
kur4k10311
kur4k1033
kur4k11
kur4k11002
kur4k110021
kur4k110023
kur4k1102
kur4k110203
kur4k11021
kur4k11023
kur4k1103
kur4k110302
kur4k11031
kur4k11033
kur4k111
kur4k111002
kur4k11102
kur4k11103
kur4k1113
kur4k112002
kur4k113
kur4k113002
kur4k11302
kur4k11303
kur4k1131
kur4k12
kur4k12002
kur4k120023
kur4k13
kur4k13002
kur4k1302
kur4k1303
kur4k1311
kur4k132002
kur4k14
kur4k15
kur4k16
kur4k17
kur4k18
kur4k19
kur4k1990
kur4k1991
kur4k1992
kur4k1993
kur4k1994
kur4k1995
kur4k1996
kur4k1997
kur4k1998
kur4k1999
kur4k2
kur4k20
kur4k2000
kur4k2001
kur4k2002
kur4k200202
kur4k200203
kur4k20021
kur4k200211
kur4k200213
kur4k20023
kur4k200231
kur4k2003
kur4k2004
kur4k2005
kur4k2006
kur4k2007
kur4k2008
kur4k2009
kur4k2010
kur4k2011
kur4k2012
kur4k2013
kur4k2014
kur4k2015
kur4k2016
kur4k2017
kur4k2018
kur4k2019
kur4k2020
kur4k21
kur4k22
kur4k23
kur4k24
kur4k25
kur4k26
kur4k27
kur4k28
kur4k29
kur4k3
kur4k30
kur4k3002
kur4k300202
kur4k300203
kur4k30021
kur4k300211
kur4k302
kur4k302002
kur4k30203
kur4k3021
kur4k30211
kur4k303
kur4k303002
kur4k30302
kur4k3031
kur4k30311
kur4k31
kur4k31002
kur4k3102
kur4k3103
kur4k311
kur4k311002
kur4k31102
kur4k31103
kur4k3111
kur4k312002
kur4k32
kur4k32002
kur4k320021
kur4k33
kur4k34
kur4k35
kur4k36
kur4k37
kur4k38
kur4k39
kur4k4
kur4k40
kur4k41
kur4k42
kur4k43
kur4k44
kur4k45
kur4k46
kur4k47
kur4k48
kur4k49
kur4k5
kur4k50
kur4k51
kur4k52
kur4k53
kur4k54
kur4k55
kur4k56
kur4k57
kur4k58
kur4k59
kur4k6
kur4k60
kur4k61
kur4k62
kur4k63
kur4k64
kur4k65
kur4k66
kur4k67
kur4k68
kur4k69
kur4k7
kur4k70
kur4k71
kur4k72
kur4k73
kur4k74
kur4k75
kur4k76
kur4k77
kur4k78
kur4k79
kur4k8
kur4k80
kur4k81
kur4k82
kur4k83
kur4k84
kur4k85
kur4k86
kur4k87
kur4k88
kur4k89
kur4k9
kur4k90
kur4k91
kur4k92
kur4k93
kur4k94
kur4k95
kur4k96
kur4k97
kur4k98
kur4k99
kur4k@
kur4k@!
kur4k@!!
kur4k@!$
kur4k@!%
kur4k@!&
kur4k@!'#'
kur4k@!*
kur4k@!@
kur4k@$
kur4k@$!
kur4k@$$
kur4k@$%
kur4k@$&
kur4k@$'#'
kur4k@$*
kur4k@$@
kur4k@%
kur4k@%!
kur4k@%$
kur4k@%%
kur4k@%&
kur4k@%'#'
kur4k@%*
kur4k@%@
kur4k@&
kur4k@&!
kur4k@&$
kur4k@&%
kur4k@&&
kur4k@&'#'
kur4k@&*
kur4k@&@
kur4k@'#'
kur4k@'#'!
kur4k@'#'$
kur4k@'#'%
kur4k@'#'&
kur4k@'#'*
kur4k@'#'@
kur4k@*
kur4k@*!
kur4k@*$
kur4k@*%
kur4k@*&
kur4k@*'#'
kur4k@**
kur4k@*@
kur4k@@
kur4k@@!
kur4k@@$
kur4k@@%
kur4k@@&
kur4k@@'#'
kur4k@@*
kur4k@@@
kur4kBur54
kur4kBur54!
kur4kBur54$
kur4kBur54%
kur4kBur54&
kur4kBur54*
kur4kBur540
kur4kBur541
kur4kBur542
kur4kBur543
kur4kBur544
kur4kBur545
kur4kBur546
kur4kBur547
kur4kBur548
kur4kBur549
kur4kBur54@
kur4k_
kur4k_002
kur4k_00202
kur4k_00203
kur4k_0021
kur4k_00211
kur4k_00213
kur4k_0023
kur4k_00231
kur4k_02
kur4k_02002
kur4k_0203
kur4k_02031
kur4k_02033
kur4k_021
kur4k_02103
kur4k_0211
kur4k_02111
kur4k_02113
kur4k_0213
kur4k_023
kur4k_02303
kur4k_0231
kur4k_02311
kur4k_03
kur4k_03002
kur4k_0302
kur4k_03021
kur4k_03023
kur4k_031
kur4k_03102
kur4k_0311
kur4k_03111
kur4k_03113
kur4k_0313
kur4k_033
kur4k_03302
kur4k_0331
kur4k_03311
kur4k_1
kur4k_1002
kur4k_10023
kur4k_102
kur4k_10203
kur4k_10211
kur4k_1023
kur4k_103
kur4k_10302
kur4k_10311
kur4k_1033
kur4k_11
kur4k_11002
kur4k_1102
kur4k_11021
kur4k_11023
kur4k_1103
kur4k_11031
kur4k_11033
kur4k_111
kur4k_11102
kur4k_11103
kur4k_1113
kur4k_113
kur4k_11302
kur4k_11303
kur4k_1131
kur4k_12002
kur4k_13
kur4k_13002
kur4k_1302
kur4k_1303
kur4k_1311
kur4k_1990
kur4k_1991
kur4k_1992
kur4k_1993
kur4k_1994
kur4k_1995
kur4k_1996
kur4k_1997
kur4k_1998
kur4k_1999
kur4k_2000
kur4k_2001
kur4k_2002
kur4k_20021
kur4k_20023
kur4k_2003
kur4k_2004
kur4k_2005
kur4k_2006
kur4k_2007
kur4k_2008
kur4k_2009
kur4k_2010
kur4k_2011
kur4k_2012
kur4k_2013
kur4k_2014
kur4k_2015
kur4k_2016
kur4k_2017
kur4k_2018
kur4k_2019
kur4k_2020
kur4k_3
kur4k_3002
kur4k_30021
kur4k_302
kur4k_30203
kur4k_3021
kur4k_30211
kur4k_303
kur4k_30302
kur4k_3031
kur4k_30311
kur4k_31
kur4k_31002
kur4k_3102
kur4k_3103
kur4k_311
kur4k_31102
kur4k_31103
kur4k_3111
kur4k_32002
kur4kbur54
kur4kbur54!
kur4kbur54$
kur4kbur54%
kur4kbur54&
kur4kbur54*
kur4kbur540
kur4kbur541
kur4kbur542
kur4kbur543
kur4kbur544
kur4kbur545
kur4kbur546
kur4kbur547
kur4kbur548
kur4kbur549
kur4kbur54@
kurak!
kurak!!
kurak!!!
kurak!!$
kurak!!%
kurak!!&
kurak!!'#'
kurak!!*
kurak!!@
kurak!$
kurak!$!
kurak!$$
kurak!$%
kurak!$&
kurak!$'#'
kurak!$*
kurak!$@
kurak!%
kurak!%!
kurak!%$
kurak!%%
kurak!%&
kurak!%'#'
kurak!%*
kurak!%@
kurak!&
kurak!&!
kurak!&$
kurak!&%
kurak!&&
kurak!&'#'
kurak!&*
kurak!&@
kurak!'#'
kurak!'#'!
kurak!'#'$
kurak!'#'%
kurak!'#'&
kurak!'#'*
kurak!'#'@
kurak!*
kurak!*!
kurak!*$
kurak!*%
kurak!*&
kurak!*'#'
kurak!**
kurak!*@
kurak!@
kurak!@!
kurak!@$
kurak!@%
kurak!@&
kurak!@'#'
kurak!@*
kurak!@@
kurak$
kurak$!
kurak$!!
kurak$!$
kurak$!%
kurak$!&
kurak$!'#'
kurak$!*
kurak$!@
kurak$$
kurak$$!
kurak$$$
kurak$$%
kurak$$&
kurak$$'#'
kurak$$*
kurak$$@
kurak$%
kurak$%!
kurak$%$
kurak$%%
kurak$%&
kurak$%'#'
kurak$%*
kurak$%@
kurak$&
kurak$&!
kurak$&$
kurak$&%
kurak$&&
kurak$&'#'
kurak$&*
kurak$&@
kurak$'#'
kurak$'#'!
kurak$'#'$
kurak$'#'%
kurak$'#'&
kurak$'#'*
kurak$'#'@
kurak$*
kurak$*!
kurak$*$
kurak$*%
kurak$*&
kurak$*'#'
kurak$**
kurak$*@
kurak$@
kurak$@!
kurak$@$
kurak$@%
kurak$@&
kurak$@'#'
kurak$@*
kurak$@@
kurak%
kurak%!
kurak%!!
kurak%!$
kurak%!%
kurak%!&
kurak%!'#'
kurak%!*
kurak%!@
kurak%$
kurak%$!
kurak%$$
kurak%$%
kurak%$&
kurak%$'#'
kurak%$*
kurak%$@
kurak%%
kurak%%!
kurak%%$
kurak%%%
kurak%%&
kurak%%'#'
kurak%%*
kurak%%@
kurak%&
kurak%&!
kurak%&$
kurak%&%
kurak%&&
kurak%&'#'
kurak%&*
kurak%&@
kurak%'#'
kurak%'#'!
kurak%'#'$
kurak%'#'%
kurak%'#'&
kurak%'#'*
kurak%'#'@
kurak%*
kurak%*!
kurak%*$
kurak%*%
kurak%*&
kurak%*'#'
kurak%**
kurak%*@
kurak%@
kurak%@!
kurak%@$
kurak%@%
kurak%@&
kurak%@'#'
kurak%@*
kurak%@@
kurak&
kurak&!
kurak&!!
kurak&!$
kurak&!%
kurak&!&
kurak&!'#'
kurak&!*
kurak&!@
kurak&$
kurak&$!
kurak&$$
kurak&$%
kurak&$&
kurak&$'#'
kurak&$*
kurak&$@
kurak&%
kurak&%!
kurak&%$
kurak&%%
kurak&%&
kurak&%'#'
kurak&%*
kurak&%@
kurak&&
kurak&&!
kurak&&$
kurak&&%
kurak&&&
kurak&&'#'
kurak&&*
kurak&&@
kurak&'#'
kurak&'#'!
kurak&'#'$
kurak&'#'%
kurak&'#'&
kurak&'#'*
kurak&'#'@
kurak&*
kurak&*!
kurak&*$
kurak&*%
kurak&*&
kurak&*'#'
kurak&**
kurak&*@
kurak&@
kurak&@!
kurak&@$
kurak&@%
kurak&@&
kurak&@'#'
kurak&@*
kurak&@@
kurak'#'
kurak'#'!
kurak'#'!!
kurak'#'!$
kurak'#'!%
kurak'#'!&
kurak'#'!*
kurak'#'!@
kurak'#'$
kurak'#'$!
kurak'#'$$
kurak'#'$%
kurak'#'$&
kurak'#'$*
kurak'#'$@
kurak'#'%
kurak'#'%!
kurak'#'%$
kurak'#'%%
kurak'#'%&
kurak'#'%*
kurak'#'%@
kurak'#'&
kurak'#'&!
kurak'#'&$
kurak'#'&%
kurak'#'&&
kurak'#'&*
kurak'#'&@
kurak'#''#'
kurak'#'*
kurak'#'*!
kurak'#'*$
kurak'#'*%
kurak'#'*&
kurak'#'**
kurak'#'*@
kurak'#'@
kurak'#'@!
kurak'#'@$
kurak'#'@%
kurak'#'@&
kurak'#'@*
kurak'#'@@
kurak*
kurak*!
kurak*!!
kurak*!$
kurak*!%
kurak*!&
kurak*!'#'
kurak*!*
kurak*!@
kurak*$
kurak*$!
kurak*$$
kurak*$%
kurak*$&
kurak*$'#'
kurak*$*
kurak*$@
kurak*%
kurak*%!
kurak*%$
kurak*%%
kurak*%&
kurak*%'#'
kurak*%*
kurak*%@
kurak*&
kurak*&!
kurak*&$
kurak*&%
kurak*&&
kurak*&'#'
kurak*&*
kurak*&@
kurak*'#'
kurak*'#'!
kurak*'#'$
kurak*'#'%
kurak*'#'&
kurak*'#'*
kurak*'#'@
kurak**
kurak**!
kurak**$
kurak**%
kurak**&
kurak**'#'
kurak***
kurak**@
kurak*@
kurak*@!
kurak*@$
kurak*@%
kurak*@&
kurak*@'#'
kurak*@*
kurak*@@
kurak0
kurak002
kurak00202
kurak002021
kurak002023
kurak00203
kurak002031
kurak002033
kurak0021
kurak002102
kurak002103
kurak00211
kurak002111
kurak002113
kurak00213
kurak0023
kurak002302
kurak002303
kurak00231
kurak002311
kurak02
kurak02002
kurak020021
kurak020023
kurak0203
kurak02031
kurak020311
kurak02033
kurak021
kurak021002
kurak02103
kurak0211
kurak021103
kurak02111
kurak02113
kurak0213
kurak022002
kurak023
kurak023002
kurak02303
kurak0231
kurak02311
kurak03
kurak03002
kurak030021
kurak030023
kurak0302
kurak03021
kurak030211
kurak03023
kurak031
kurak031002
kurak03102
kurak0311
kurak031102
kurak03111
kurak03113
kurak0313
kurak032002
kurak033
kurak033002
kurak03302
kurak0331
kurak03311
kurak1
kurak10
kurak1002
kurak100202
kurak100203
kurak100211
kurak10023
kurak102
kurak102002
kurak10203
kurak10211
kurak1023
kurak103
kurak103002
kurak10302
kurak10311
kurak1033
kurak11
kurak11002
kurak110021
kurak110023
kurak1102
kurak110203
kurak11021
kurak11023
kurak1103
kurak110302
kurak11031
kurak11033
kurak111
kurak111002
kurak11102
kurak11103
kurak1113
kurak112002
kurak113
kurak113002
kurak11302
kurak11303
kurak1131
kurak12
kurak12002
kurak120023
kurak13
kurak13002
kurak1302
kurak1303
kurak1311
kurak132002
kurak14
kurak15
kurak16
kurak17
kurak18
kurak19
kurak1990
kurak1991
kurak1992
kurak1993
kurak1994
kurak1995
kurak1996
kurak1997
kurak1998
kurak1999
kurak2
kurak20
kurak2000
kurak2001
kurak2002
kurak200202
kurak200203
kurak20021
kurak200211
kurak200213
kurak20023
kurak200231
kurak2003
kurak2004
kurak2005
kurak2006
kurak2007
kurak2008
kurak2009
kurak2010
kurak2011
kurak2012
kurak2013
kurak2014
kurak2015
kurak2016
kurak2017
kurak2018
kurak2019
kurak2020
kurak21
kurak22
kurak23
kurak24
kurak25
kurak26
kurak27
kurak28
kurak29
kurak3
kurak30
kurak3002
kurak300202
kurak300203
kurak30021
kurak300211
kurak302
kurak302002
kurak30203
kurak3021
kurak30211
kurak303
kurak303002
kurak30302
kurak3031
kurak30311
kurak31
kurak31002
kurak3102
kurak3103
kurak311
kurak311002
kurak31102
kurak31103
kurak3111
kurak312002
kurak32
kurak32002
kurak320021
kurak33
kurak34
kurak35
kurak36
kurak37
kurak38
kurak39
kurak4
kurak40
kurak41
kurak42
kurak43
kurak44
kurak45
kurak46
kurak47
kurak48
kurak49
kurak5
kurak50
kurak51
kurak52
kurak53
kurak54
kurak55
kurak56
kurak57
kurak58
kurak59
kurak6
kurak60
kurak61
kurak62
kurak63
kurak64
kurak65
kurak66
kurak67
kurak68
kurak69
kurak7
kurak70
kurak71
kurak72
kurak73
kurak74
kurak75
kurak76
kurak77
kurak78
kurak79
kurak8
kurak80
kurak81
kurak82
kurak83
kurak84
kurak85
kurak86
kurak87
kurak88
kurak89
kurak9
kurak90
kurak91
kurak92
kurak93
kurak94
kurak95
kurak96
kurak97
kurak98
kurak99
kurak@
kurak@!
kurak@!!
kurak@!$
kurak@!%
kurak@!&
kurak@!'#'
kurak@!*
kurak@!@
kurak@$
kurak@$!
kurak@$$
kurak@$%
kurak@$&
kurak@$'#'
kurak@$*
kurak@$@
kurak@%
kurak@%!
kurak@%$
kurak@%%
kurak@%&
kurak@%'#'
kurak@%*
kurak@%@
kurak@&
kurak@&!
kurak@&$
kurak@&%
kurak@&&
kurak@&'#'
kurak@&*
kurak@&@
kurak@'#'
kurak@'#'!
kurak@'#'$
kurak@'#'%
kurak@'#'&
kurak@'#'*
kurak@'#'@
kurak@*
kurak@*!
kurak@*$
kurak@*%
kurak@*&
kurak@*'#'
kurak@**
kurak@*@
kurak@@
kurak@@!
kurak@@$
kurak@@%
kurak@@&
kurak@@'#'
kurak@@*
kurak@@@
kurakBursa
kurakBursa!
kurakBursa$
kurakBursa%
kurakBursa&
kurakBursa*
kurakBursa0
kurakBursa1
kurakBursa2
kurakBursa3
kurakBursa4
kurakBursa5
kurakBursa6
kurakBursa7
kurakBursa8
kurakBursa9
kurakBursa@
kurak_
kurak_002
kurak_00202
kurak_00203
kurak_0021
kurak_00211
kurak_00213
kurak_0023
kurak_00231
kurak_02
kurak_02002
kurak_0203
kurak_02031
kurak_02033
kurak_021
kurak_02103
kurak_0211
kurak_02111
kurak_02113
kurak_0213
kurak_023
kurak_02303
kurak_0231
kurak_02311
kurak_03
kurak_03002
kurak_0302
kurak_03021
kurak_03023
kurak_031
kurak_03102
kurak_0311
kurak_03111
kurak_03113
kurak_0313
kurak_033
kurak_03302
kurak_0331
kurak_03311
kurak_1
kurak_1002
kurak_10023
kurak_102
kurak_10203
kurak_10211
kurak_1023
kurak_103
kurak_10302
kurak_10311
kurak_1033
kurak_11
kurak_11002
kurak_1102
kurak_11021
kurak_11023
kurak_1103
kurak_11031
kurak_11033
kurak_111
kurak_11102
kurak_11103
kurak_1113
kurak_113
kurak_11302
kurak_11303
kurak_1131
kurak_12002
kurak_13
kurak_13002
kurak_1302
kurak_1303
kurak_1311
kurak_1990
kurak_1991
kurak_1992
kurak_1993
kurak_1994
kurak_1995
kurak_1996
kurak_1997
kurak_1998
kurak_1999
kurak_2000
kurak_2001
kurak_2002
kurak_20021
kurak_20023
kurak_2003
kurak_2004
kurak_2005
kurak_2006
kurak_2007
kurak_2008
kurak_2009
kurak_2010
kurak_2011
kurak_2012
kurak_2013
kurak_2014
kurak_2015
kurak_2016
kurak_2017
kurak_2018
kurak_2019
kurak_2020
kurak_3
kurak_3002
kurak_30021
kurak_302
kurak_30203
kurak_3021
kurak_30211
kurak_303
kurak_30302
kurak_3031
kurak_30311
kurak_31
kurak_31002
kurak_3102
kurak_3103
kurak_311
kurak_31102
kurak_31103
kurak_3111
kurak_32002
kurakbursa
kurakbursa!
kurakbursa$
kurakbursa%
kurakbursa&
kurakbursa*
kurakbursa0
kurakbursa1
kurakbursa2
kurakbursa3
kurakbursa4
kurakbursa5
kurakbursa6
kurakbursa7
kurakbursa8
kurakbursa9
kurakbursa@
n394w5kl4W
n394w5kl4W!
n394w5kl4W$
n394w5kl4W%
n394w5kl4W&
n394w5kl4W*
n394w5kl4W1
n394w5kl4W3
n394w5kl4W@
n394w5kl4w
n394w5kl4w!
n394w5kl4w$
n394w5kl4w%
n394w5kl4w&
n394w5kl4w*
n394w5kl4w1
n394w5kl4w3
n394w5kl4w@
n4c73m45
n4c73m45!
n4c73m45!!
n4c73m45!!!
n4c73m45!!$
n4c73m45!!%
n4c73m45!!&
n4c73m45!!*
n4c73m45!!@
n4c73m45!$
n4c73m45!$!
n4c73m45!$$
n4c73m45!$%
n4c73m45!$&
n4c73m45!$*
n4c73m45!$@
n4c73m45!%
n4c73m45!%!
n4c73m45!%$
n4c73m45!%%
n4c73m45!%&
n4c73m45!%*
n4c73m45!%@
n4c73m45!&
n4c73m45!&!
n4c73m45!&$
n4c73m45!&%
n4c73m45!&&
n4c73m45!&*
n4c73m45!&@
n4c73m45!*
n4c73m45!*!
n4c73m45!*$
n4c73m45!*%
n4c73m45!*&
n4c73m45!**
n4c73m45!*@
n4c73m45!@
n4c73m45!@!
n4c73m45!@$
n4c73m45!@%
n4c73m45!@&
n4c73m45!@*
n4c73m45!@@
n4c73m45$
n4c73m45$!
n4c73m45$!!
n4c73m45$!$
n4c73m45$!%
n4c73m45$!&
n4c73m45$!*
n4c73m45$!@
n4c73m45$$
n4c73m45$$!
n4c73m45$$$
n4c73m45$$%
n4c73m45$$&
n4c73m45$$*
n4c73m45$$@
n4c73m45$%
n4c73m45$%!
n4c73m45$%$
n4c73m45$%%
n4c73m45$%&
n4c73m45$%*
n4c73m45$%@
n4c73m45$&
n4c73m45$&!
n4c73m45$&$
n4c73m45$&%
n4c73m45$&&
n4c73m45$&*
n4c73m45$&@
n4c73m45$*
n4c73m45$*!
n4c73m45$*$
n4c73m45$*%
n4c73m45$*&
n4c73m45$**
n4c73m45$*@
n4c73m45$@
n4c73m45$@!
n4c73m45$@$
n4c73m45$@%
n4c73m45$@&
n4c73m45$@*
n4c73m45$@@
n4c73m45%
n4c73m45%!
n4c73m45%!!
n4c73m45%!$
n4c73m45%!%
n4c73m45%!&
n4c73m45%!*
n4c73m45%!@
n4c73m45%$
n4c73m45%$!
n4c73m45%$$
n4c73m45%$%
n4c73m45%$&
n4c73m45%$*
n4c73m45%$@
n4c73m45%%
n4c73m45%%!
n4c73m45%%$
n4c73m45%%%
n4c73m45%%&
n4c73m45%%*
n4c73m45%%@
n4c73m45%&
n4c73m45%&!
n4c73m45%&$
n4c73m45%&%
n4c73m45%&&
n4c73m45%&*
n4c73m45%&@
n4c73m45%*
n4c73m45%*!
n4c73m45%*$
n4c73m45%*%
n4c73m45%*&
n4c73m45%**
n4c73m45%*@
n4c73m45%@
n4c73m45%@!
n4c73m45%@$
n4c73m45%@%
n4c73m45%@&
n4c73m45%@*
n4c73m45%@@
n4c73m45&
n4c73m45&!
n4c73m45&!!
n4c73m45&!$
n4c73m45&!%
n4c73m45&!&
n4c73m45&!*
n4c73m45&!@
n4c73m45&$
n4c73m45&$!
n4c73m45&$$
n4c73m45&$%
n4c73m45&$&
n4c73m45&$*
n4c73m45&$@
n4c73m45&%
n4c73m45&%!
n4c73m45&%$
n4c73m45&%%
n4c73m45&%&
n4c73m45&%*
n4c73m45&%@
n4c73m45&&
n4c73m45&&!
n4c73m45&&$
n4c73m45&&%
n4c73m45&&&
n4c73m45&&*
n4c73m45&&@
n4c73m45&*
n4c73m45&*!
n4c73m45&*$
n4c73m45&*%
n4c73m45&*&
n4c73m45&**
n4c73m45&*@
n4c73m45&@
n4c73m45&@!
n4c73m45&@$
n4c73m45&@%
n4c73m45&@&
n4c73m45&@*
n4c73m45&@@
n4c73m45'#'
n4c73m45*
n4c73m45*!
n4c73m45*!!
n4c73m45*!$
n4c73m45*!%
n4c73m45*!&
n4c73m45*!*
n4c73m45*!@
n4c73m45*$
n4c73m45*$!
n4c73m45*$$
n4c73m45*$%
n4c73m45*$&
n4c73m45*$*
n4c73m45*$@
n4c73m45*%
n4c73m45*%!
n4c73m45*%$
n4c73m45*%%
n4c73m45*%&
n4c73m45*%*
n4c73m45*%@
n4c73m45*&
n4c73m45*&!
n4c73m45*&$
n4c73m45*&%
n4c73m45*&&
n4c73m45*&*
n4c73m45*&@
n4c73m45**
n4c73m45**!
n4c73m45**$
n4c73m45**%
n4c73m45**&
n4c73m45***
n4c73m45**@
n4c73m45*@
n4c73m45*@!
n4c73m45*@$
n4c73m45*@%
n4c73m45*@&
n4c73m45*@*
n4c73m45*@@
n4c73m45002
n4c73m4502
n4c73m45021
n4c73m45023
n4c73m4503
n4c73m45031
n4c73m45033
n4c73m451
n4c73m45102
n4c73m45103
n4c73m4511
n4c73m45111
n4c73m45113
n4c73m4513
n4c73m453
n4c73m45302
n4c73m45303
n4c73m4531
n4c73m45311
n4c73m45@
n4c73m45@!
n4c73m45@!!
n4c73m45@!$
n4c73m45@!%
n4c73m45@!&
n4c73m45@!*
n4c73m45@!@
n4c73m45@$
n4c73m45@$!
n4c73m45@$$
n4c73m45@$%
n4c73m45@$&
n4c73m45@$*
n4c73m45@$@
n4c73m45@%
n4c73m45@%!
n4c73m45@%$
n4c73m45@%%
n4c73m45@%&
n4c73m45@%*
n4c73m45@%@
n4c73m45@&
n4c73m45@&!
n4c73m45@&$
n4c73m45@&%
n4c73m45@&&
n4c73m45@&*
n4c73m45@&@
n4c73m45@*
n4c73m45@*!
n4c73m45@*$
n4c73m45@*%
n4c73m45@*&
n4c73m45@**
n4c73m45@*@
n4c73m45@@
n4c73m45@@!
n4c73m45@@$
n4c73m45@@%
n4c73m45@@&
n4c73m45@@*
n4c73m45@@@
n4c73m45_02
n4c73m45_03
n4c73m45_1
n4c73m45_11
n4c73m45_13
n4c73m45_3
n4c73m45_31
n4c73m4S
n4c73m4S!
n4c73m4S!!
n4c73m4S!!!
n4c73m4S!!$
n4c73m4S!!%
n4c73m4S!!&
n4c73m4S!!*
n4c73m4S!!@
n4c73m4S!$
n4c73m4S!$!
n4c73m4S!$$
n4c73m4S!$%
n4c73m4S!$&
n4c73m4S!$*
n4c73m4S!$@
n4c73m4S!%
n4c73m4S!%!
n4c73m4S!%$
n4c73m4S!%%
n4c73m4S!%&
n4c73m4S!%*
n4c73m4S!%@
n4c73m4S!&
n4c73m4S!&!
n4c73m4S!&$
n4c73m4S!&%
n4c73m4S!&&
n4c73m4S!&*
n4c73m4S!&@
n4c73m4S!*
n4c73m4S!*!
n4c73m4S!*$
n4c73m4S!*%
n4c73m4S!*&
n4c73m4S!**
n4c73m4S!*@
n4c73m4S!@
n4c73m4S!@!
n4c73m4S!@$
n4c73m4S!@%
n4c73m4S!@&
n4c73m4S!@*
n4c73m4S!@@
n4c73m4S$
n4c73m4S$!
n4c73m4S$!!
n4c73m4S$!$
n4c73m4S$!%
n4c73m4S$!&
n4c73m4S$!*
n4c73m4S$!@
n4c73m4S$$
n4c73m4S$$!
n4c73m4S$$$
n4c73m4S$$%
n4c73m4S$$&
n4c73m4S$$*
n4c73m4S$$@
n4c73m4S$%
n4c73m4S$%!
n4c73m4S$%$
n4c73m4S$%%
n4c73m4S$%&
n4c73m4S$%*
n4c73m4S$%@
n4c73m4S$&
n4c73m4S$&!
n4c73m4S$&$
n4c73m4S$&%
n4c73m4S$&&
n4c73m4S$&*
n4c73m4S$&@
n4c73m4S$*
n4c73m4S$*!
n4c73m4S$*$
n4c73m4S$*%
n4c73m4S$*&
n4c73m4S$**
n4c73m4S$*@
n4c73m4S$@
n4c73m4S$@!
n4c73m4S$@$
n4c73m4S$@%
n4c73m4S$@&
n4c73m4S$@*
n4c73m4S$@@
n4c73m4S%
n4c73m4S%!
n4c73m4S%!!
n4c73m4S%!$
n4c73m4S%!%
n4c73m4S%!&
n4c73m4S%!*
n4c73m4S%!@
n4c73m4S%$
n4c73m4S%$!
n4c73m4S%$$
n4c73m4S%$%
n4c73m4S%$&
n4c73m4S%$*
n4c73m4S%$@
n4c73m4S%%
n4c73m4S%%!
n4c73m4S%%$
n4c73m4S%%%
n4c73m4S%%&
n4c73m4S%%*
n4c73m4S%%@
n4c73m4S%&
n4c73m4S%&!
n4c73m4S%&$
n4c73m4S%&%
n4c73m4S%&&
n4c73m4S%&*
n4c73m4S%&@
n4c73m4S%*
n4c73m4S%*!
n4c73m4S%*$
n4c73m4S%*%
n4c73m4S%*&
n4c73m4S%**
n4c73m4S%*@
n4c73m4S%@
n4c73m4S%@!
n4c73m4S%@$
n4c73m4S%@%
n4c73m4S%@&
n4c73m4S%@*
n4c73m4S%@@
n4c73m4S&
n4c73m4S&!
n4c73m4S&!!
n4c73m4S&!$
n4c73m4S&!%
n4c73m4S&!&
n4c73m4S&!*
n4c73m4S&!@
n4c73m4S&$
n4c73m4S&$!
n4c73m4S&$$
n4c73m4S&$%
n4c73m4S&$&
n4c73m4S&$*
n4c73m4S&$@
n4c73m4S&%
n4c73m4S&%!
n4c73m4S&%$
n4c73m4S&%%
n4c73m4S&%&
n4c73m4S&%*
n4c73m4S&%@
n4c73m4S&&
n4c73m4S&&!
n4c73m4S&&$
n4c73m4S&&%
n4c73m4S&&&
n4c73m4S&&*
n4c73m4S&&@
n4c73m4S&*
n4c73m4S&*!
n4c73m4S&*$
n4c73m4S&*%
n4c73m4S&*&
n4c73m4S&**
n4c73m4S&*@
n4c73m4S&@
n4c73m4S&@!
n4c73m4S&@$
n4c73m4S&@%
n4c73m4S&@&
n4c73m4S&@*
n4c73m4S&@@
n4c73m4S'#'
n4c73m4S*
n4c73m4S*!
n4c73m4S*!!
n4c73m4S*!$
n4c73m4S*!%
n4c73m4S*!&
n4c73m4S*!*
n4c73m4S*!@
n4c73m4S*$
n4c73m4S*$!
n4c73m4S*$$
n4c73m4S*$%
n4c73m4S*$&
n4c73m4S*$*
n4c73m4S*$@
n4c73m4S*%
n4c73m4S*%!
n4c73m4S*%$
n4c73m4S*%%
n4c73m4S*%&
n4c73m4S*%*
n4c73m4S*%@
n4c73m4S*&
n4c73m4S*&!
n4c73m4S*&$
n4c73m4S*&%
n4c73m4S*&&
n4c73m4S*&*
n4c73m4S*&@
n4c73m4S**
n4c73m4S**!
n4c73m4S**$
n4c73m4S**%
n4c73m4S**&
n4c73m4S***
n4c73m4S**@
n4c73m4S*@
n4c73m4S*@!
n4c73m4S*@$
n4c73m4S*@%
n4c73m4S*@&
n4c73m4S*@*
n4c73m4S*@@
n4c73m4S002
n4c73m4S02
n4c73m4S021
n4c73m4S023
n4c73m4S03
n4c73m4S031
n4c73m4S033
n4c73m4S1
n4c73m4S102
n4c73m4S103
n4c73m4S11
n4c73m4S111
n4c73m4S113
n4c73m4S13
n4c73m4S3
n4c73m4S302
n4c73m4S303
n4c73m4S31
n4c73m4S311
n4c73m4S@
n4c73m4S@!
n4c73m4S@!!
n4c73m4S@!$
n4c73m4S@!%
n4c73m4S@!&
n4c73m4S@!*
n4c73m4S@!@
n4c73m4S@$
n4c73m4S@$!
n4c73m4S@$$
n4c73m4S@$%
n4c73m4S@$&
n4c73m4S@$*
n4c73m4S@$@
n4c73m4S@%
n4c73m4S@%!
n4c73m4S@%$
n4c73m4S@%%
n4c73m4S@%&
n4c73m4S@%*
n4c73m4S@%@
n4c73m4S@&
n4c73m4S@&!
n4c73m4S@&$
n4c73m4S@&%
n4c73m4S@&&
n4c73m4S@&*
n4c73m4S@&@
n4c73m4S@*
n4c73m4S@*!
n4c73m4S@*$
n4c73m4S@*%
n4c73m4S@*&
n4c73m4S@**
n4c73m4S@*@
n4c73m4S@@
n4c73m4S@@!
n4c73m4S@@$
n4c73m4S@@%
n4c73m4S@@&
n4c73m4S@@*
n4c73m4S@@@
n4c73m4S_02
n4c73m4S_03
n4c73m4S_1
n4c73m4S_11
n4c73m4S_13
n4c73m4S_3
n4c73m4S_31
nactemaS
nactemaS!
nactemaS!!
nactemaS!!!
nactemaS!!$
nactemaS!!%
nactemaS!!&
nactemaS!!*
nactemaS!!@
nactemaS!$
nactemaS!$!
nactemaS!$$
nactemaS!$%
nactemaS!$&
nactemaS!$*
nactemaS!$@
nactemaS!%
nactemaS!%!
nactemaS!%$
nactemaS!%%
nactemaS!%&
nactemaS!%*
nactemaS!%@
nactemaS!&
nactemaS!&!
nactemaS!&$
nactemaS!&%
nactemaS!&&
nactemaS!&*
nactemaS!&@
nactemaS!*
nactemaS!*!
nactemaS!*$
nactemaS!*%
nactemaS!*&
nactemaS!**
nactemaS!*@
nactemaS!@
nactemaS!@!
nactemaS!@$
nactemaS!@%
nactemaS!@&
nactemaS!@*
nactemaS!@@
nactemaS$
nactemaS$!
nactemaS$!!
nactemaS$!$
nactemaS$!%
nactemaS$!&
nactemaS$!*
nactemaS$!@
nactemaS$$
nactemaS$$!
nactemaS$$$
nactemaS$$%
nactemaS$$&
nactemaS$$*
nactemaS$$@
nactemaS$%
nactemaS$%!
nactemaS$%$
nactemaS$%%
nactemaS$%&
nactemaS$%*
nactemaS$%@
nactemaS$&
nactemaS$&!
nactemaS$&$
nactemaS$&%
nactemaS$&&
nactemaS$&*
nactemaS$&@
nactemaS$*
nactemaS$*!
nactemaS$*$
nactemaS$*%
nactemaS$*&
nactemaS$**
nactemaS$*@
nactemaS$@
nactemaS$@!
nactemaS$@$
nactemaS$@%
nactemaS$@&
nactemaS$@*
nactemaS$@@
nactemaS%
nactemaS%!
nactemaS%!!
nactemaS%!$
nactemaS%!%
nactemaS%!&
nactemaS%!*
nactemaS%!@
nactemaS%$
nactemaS%$!
nactemaS%$$
nactemaS%$%
nactemaS%$&
nactemaS%$*
nactemaS%$@
nactemaS%%
nactemaS%%!
nactemaS%%$
nactemaS%%%
nactemaS%%&
nactemaS%%*
nactemaS%%@
nactemaS%&
nactemaS%&!
nactemaS%&$
nactemaS%&%
nactemaS%&&
nactemaS%&*
nactemaS%&@
nactemaS%*
nactemaS%*!
nactemaS%*$
nactemaS%*%
nactemaS%*&
nactemaS%**
nactemaS%*@
nactemaS%@
nactemaS%@!
nactemaS%@$
nactemaS%@%
nactemaS%@&
nactemaS%@*
nactemaS%@@
nactemaS&
nactemaS&!
nactemaS&!!
nactemaS&!$
nactemaS&!%
nactemaS&!&
nactemaS&!*
nactemaS&!@
nactemaS&$
nactemaS&$!
nactemaS&$$
nactemaS&$%
nactemaS&$&
nactemaS&$*
nactemaS&$@
nactemaS&%
nactemaS&%!
nactemaS&%$
nactemaS&%%
nactemaS&%&
nactemaS&%*
nactemaS&%@
nactemaS&&
nactemaS&&!
nactemaS&&$
nactemaS&&%
nactemaS&&&
nactemaS&&*
nactemaS&&@
nactemaS&*
nactemaS&*!
nactemaS&*$
nactemaS&*%
nactemaS&*&
nactemaS&**
nactemaS&*@
nactemaS&@
nactemaS&@!
nactemaS&@$
nactemaS&@%
nactemaS&@&
nactemaS&@*
nactemaS&@@
nactemaS'#'
nactemaS*
nactemaS*!
nactemaS*!!
nactemaS*!$
nactemaS*!%
nactemaS*!&
nactemaS*!*
nactemaS*!@
nactemaS*$
nactemaS*$!
nactemaS*$$
nactemaS*$%
nactemaS*$&
nactemaS*$*
nactemaS*$@
nactemaS*%
nactemaS*%!
nactemaS*%$
nactemaS*%%
nactemaS*%&
nactemaS*%*
nactemaS*%@
nactemaS*&
nactemaS*&!
nactemaS*&$
nactemaS*&%
nactemaS*&&
nactemaS*&*
nactemaS*&@
nactemaS**
nactemaS**!
nactemaS**$
nactemaS**%
nactemaS**&
nactemaS***
nactemaS**@
nactemaS*@
nactemaS*@!
nactemaS*@$
nactemaS*@%
nactemaS*@&
nactemaS*@*
nactemaS*@@
nactemaS002
nactemaS02
nactemaS021
nactemaS023
nactemaS03
nactemaS031
nactemaS033
nactemaS1
nactemaS102
nactemaS103
nactemaS11
nactemaS111
nactemaS113
nactemaS13
nactemaS3
nactemaS302
nactemaS303
nactemaS31
nactemaS311
nactemaS@
nactemaS@!
nactemaS@!!
nactemaS@!$
nactemaS@!%
nactemaS@!&
nactemaS@!*
nactemaS@!@
nactemaS@$
nactemaS@$!
nactemaS@$$
nactemaS@$%
nactemaS@$&
nactemaS@$*
nactemaS@$@
nactemaS@%
nactemaS@%!
nactemaS@%$
nactemaS@%%
nactemaS@%&
nactemaS@%*
nactemaS@%@
nactemaS@&
nactemaS@&!
nactemaS@&$
nactemaS@&%
nactemaS@&&
nactemaS@&*
nactemaS@&@
nactemaS@*
nactemaS@*!
nactemaS@*$
nactemaS@*%
nactemaS@*&
nactemaS@**
nactemaS@*@
nactemaS@@
nactemaS@@!
nactemaS@@$
nactemaS@@%
nactemaS@@&
nactemaS@@*
nactemaS@@@
nactemaS_02
nactemaS_03
nactemaS_1
nactemaS_11
nactemaS_13
nactemaS_3
nactemaS_31
nactemas
nactemas!
nactemas!!
nactemas!!!
nactemas!!$
nactemas!!%
nactemas!!&
nactemas!!*
nactemas!!@
nactemas!$
nactemas!$!
nactemas!$$
nactemas!$%
nactemas!$&
nactemas!$*
nactemas!$@
nactemas!%
nactemas!%!
nactemas!%$
nactemas!%%
nactemas!%&
nactemas!%*
nactemas!%@
nactemas!&
nactemas!&!
nactemas!&$
nactemas!&%
nactemas!&&
nactemas!&*
nactemas!&@
nactemas!*
nactemas!*!
nactemas!*$
nactemas!*%
nactemas!*&
nactemas!**
nactemas!*@
nactemas!@
nactemas!@!
nactemas!@$
nactemas!@%
nactemas!@&
nactemas!@*
nactemas!@@
nactemas$
nactemas$!
nactemas$!!
nactemas$!$
nactemas$!%
nactemas$!&
nactemas$!*
nactemas$!@
nactemas$$
nactemas$$!
nactemas$$$
nactemas$$%
nactemas$$&
nactemas$$*
nactemas$$@
nactemas$%
nactemas$%!
nactemas$%$
nactemas$%%
nactemas$%&
nactemas$%*
nactemas$%@
nactemas$&
nactemas$&!
nactemas$&$
nactemas$&%
nactemas$&&
nactemas$&*
nactemas$&@
nactemas$*
nactemas$*!
nactemas$*$
nactemas$*%
nactemas$*&
nactemas$**
nactemas$*@
nactemas$@
nactemas$@!
nactemas$@$
nactemas$@%
nactemas$@&
nactemas$@*
nactemas$@@
nactemas%
nactemas%!
nactemas%!!
nactemas%!$
nactemas%!%
nactemas%!&
nactemas%!*
nactemas%!@
nactemas%$
nactemas%$!
nactemas%$$
nactemas%$%
nactemas%$&
nactemas%$*
nactemas%$@
nactemas%%
nactemas%%!
nactemas%%$
nactemas%%%
nactemas%%&
nactemas%%*
nactemas%%@
nactemas%&
nactemas%&!
nactemas%&$
nactemas%&%
nactemas%&&
nactemas%&*
nactemas%&@
nactemas%*
nactemas%*!
nactemas%*$
nactemas%*%
nactemas%*&
nactemas%**
nactemas%*@
nactemas%@
nactemas%@!
nactemas%@$
nactemas%@%
nactemas%@&
nactemas%@*
nactemas%@@
nactemas&
nactemas&!
nactemas&!!
nactemas&!$
nactemas&!%
nactemas&!&
nactemas&!*
nactemas&!@
nactemas&$
nactemas&$!
nactemas&$$
nactemas&$%
nactemas&$&
nactemas&$*
nactemas&$@
nactemas&%
nactemas&%!
nactemas&%$
nactemas&%%
nactemas&%&
nactemas&%*
nactemas&%@
nactemas&&
nactemas&&!
nactemas&&$
nactemas&&%
nactemas&&&
nactemas&&*
nactemas&&@
nactemas&*
nactemas&*!
nactemas&*$
nactemas&*%
nactemas&*&
nactemas&**
nactemas&*@
nactemas&@
nactemas&@!
nactemas&@$
nactemas&@%
nactemas&@&
nactemas&@*
nactemas&@@
nactemas'#'
nactemas*
nactemas*!
nactemas*!!
nactemas*!$
nactemas*!%
nactemas*!&
nactemas*!*
nactemas*!@
nactemas*$
nactemas*$!
nactemas*$$
nactemas*$%
nactemas*$&
nactemas*$*
nactemas*$@
nactemas*%
nactemas*%!
nactemas*%$
nactemas*%%
nactemas*%&
nactemas*%*
nactemas*%@
nactemas*&
nactemas*&!
nactemas*&$
nactemas*&%
nactemas*&&
nactemas*&*
nactemas*&@
nactemas**
nactemas**!
nactemas**$
nactemas**%
nactemas**&
nactemas***
nactemas**@
nactemas*@
nactemas*@!
nactemas*@$
nactemas*@%
nactemas*@&
nactemas*@*
nactemas*@@
nactemas002
nactemas02
nactemas021
nactemas023
nactemas03
nactemas031
nactemas033
nactemas1
nactemas102
nactemas103
nactemas11
nactemas111
nactemas113
nactemas13
nactemas3
nactemas302
nactemas303
nactemas31
nactemas311
nactemas@
nactemas@!
nactemas@!!
nactemas@!$
nactemas@!%
nactemas@!&
nactemas@!*
nactemas@!@
nactemas@$
nactemas@$!
nactemas@$$
nactemas@$%
nactemas@$&
nactemas@$*
nactemas@$@
nactemas@%
nactemas@%!
nactemas@%$
nactemas@%%
nactemas@%&
nactemas@%*
nactemas@%@
nactemas@&
nactemas@&!
nactemas@&$
nactemas@&%
nactemas@&&
nactemas@&*
nactemas@&@
nactemas@*
nactemas@*!
nactemas@*$
nactemas@*%
nactemas@*&
nactemas@**
nactemas@*@
nactemas@@
nactemas@@!
nactemas@@$
nactemas@@%
nactemas@@&
nactemas@@*
nactemas@@@
nactemas_02
nactemas_03
nactemas_1
nactemas_11
nactemas_13
nactemas_3
nactemas_31
negawsklaW
negawsklaW!
negawsklaW$
negawsklaW%
negawsklaW&
negawsklaW*
negawsklaW1
negawsklaW3
negawsklaW@
negawsklaw
negawsklaw!
negawsklaw$
negawsklaw%
negawsklaw&
negawsklaw*
negawsklaw1
negawsklaw3
negawsklaw@
p0l47!
p0l47!!
p0l47!!!
p0l47!!$
p0l47!!%
p0l47!!&
p0l47!!'#'
p0l47!!*
p0l47!!@
p0l47!$
p0l47!$!
p0l47!$$
p0l47!$%
p0l47!$&
p0l47!$'#'
p0l47!$*
p0l47!$@
p0l47!%
p0l47!%!
p0l47!%$
p0l47!%%
p0l47!%&
p0l47!%'#'
p0l47!%*
p0l47!%@
p0l47!&
p0l47!&!
p0l47!&$
p0l47!&%
p0l47!&&
p0l47!&'#'
p0l47!&*
p0l47!&@
p0l47!'#'
p0l47!'#'!
p0l47!'#'$
p0l47!'#'%
p0l47!'#'&
p0l47!'#'*
p0l47!'#'@
p0l47!*
p0l47!*!
p0l47!*$
p0l47!*%
p0l47!*&
p0l47!*'#'
p0l47!**
p0l47!*@
p0l47!@
p0l47!@!
p0l47!@$
p0l47!@%
p0l47!@&
p0l47!@'#'
p0l47!@*
p0l47!@@
p0l47$
p0l47$!
p0l47$!!
p0l47$!$
p0l47$!%
p0l47$!&
p0l47$!'#'
p0l47$!*
p0l47$!@
p0l47$$
p0l47$$!
p0l47$$$
p0l47$$%
p0l47$$&
p0l47$$'#'
p0l47$$*
p0l47$$@
p0l47$%
p0l47$%!
p0l47$%$
p0l47$%%
p0l47$%&
p0l47$%'#'
p0l47$%*
p0l47$%@
p0l47$&
p0l47$&!
p0l47$&$
p0l47$&%
p0l47$&&
p0l47$&'#'
p0l47$&*
p0l47$&@
p0l47$'#'
p0l47$'#'!
p0l47$'#'$
p0l47$'#'%
p0l47$'#'&
p0l47$'#'*
p0l47$'#'@
p0l47$*
p0l47$*!
p0l47$*$
p0l47$*%
p0l47$*&
p0l47$*'#'
p0l47$**
p0l47$*@
p0l47$@
p0l47$@!
p0l47$@$
p0l47$@%
p0l47$@&
p0l47$@'#'
p0l47$@*
p0l47$@@
p0l47%
p0l47%!
p0l47%!!
p0l47%!$
p0l47%!%
p0l47%!&
p0l47%!'#'
p0l47%!*
p0l47%!@
p0l47%$
p0l47%$!
p0l47%$$
p0l47%$%
p0l47%$&
p0l47%$'#'
p0l47%$*
p0l47%$@
p0l47%%
p0l47%%!
p0l47%%$
p0l47%%%
p0l47%%&
p0l47%%'#'
p0l47%%*
p0l47%%@
p0l47%&
p0l47%&!
p0l47%&$
p0l47%&%
p0l47%&&
p0l47%&'#'
p0l47%&*
p0l47%&@
p0l47%'#'
p0l47%'#'!
p0l47%'#'$
p0l47%'#'%
p0l47%'#'&
p0l47%'#'*
p0l47%'#'@
p0l47%*
p0l47%*!
p0l47%*$
p0l47%*%
p0l47%*&
p0l47%*'#'
p0l47%**
p0l47%*@
p0l47%@
p0l47%@!
p0l47%@$
p0l47%@%
p0l47%@&
p0l47%@'#'
p0l47%@*
p0l47%@@
p0l47&
p0l47&!
p0l47&!!
p0l47&!$
p0l47&!%
p0l47&!&
p0l47&!'#'
p0l47&!*
p0l47&!@
p0l47&$
p0l47&$!
p0l47&$$
p0l47&$%
p0l47&$&
p0l47&$'#'
p0l47&$*
p0l47&$@
p0l47&%
p0l47&%!
p0l47&%$
p0l47&%%
p0l47&%&
p0l47&%'#'
p0l47&%*
p0l47&%@
p0l47&&
p0l47&&!
p0l47&&$
p0l47&&%
p0l47&&&
p0l47&&'#'
p0l47&&*
p0l47&&@
p0l47&'#'
p0l47&'#'!
p0l47&'#'$
p0l47&'#'%
p0l47&'#'&
p0l47&'#'*
p0l47&'#'@
p0l47&*
p0l47&*!
p0l47&*$
p0l47&*%
p0l47&*&
p0l47&*'#'
p0l47&**
p0l47&*@
p0l47&@
p0l47&@!
p0l47&@$
p0l47&@%
p0l47&@&
p0l47&@'#'
p0l47&@*
p0l47&@@
p0l47'#'
p0l47'#'!
p0l47'#'!!
p0l47'#'!$
p0l47'#'!%
p0l47'#'!&
p0l47'#'!*
p0l47'#'!@
p0l47'#'$
p0l47'#'$!
p0l47'#'$$
p0l47'#'$%
p0l47'#'$&
p0l47'#'$*
p0l47'#'$@
p0l47'#'%
p0l47'#'%!
p0l47'#'%$
p0l47'#'%%
p0l47'#'%&
p0l47'#'%*
p0l47'#'%@
p0l47'#'&
p0l47'#'&!
p0l47'#'&$
p0l47'#'&%
p0l47'#'&&
p0l47'#'&*
p0l47'#'&@
p0l47'#''#'
p0l47'#'*
p0l47'#'*!
p0l47'#'*$
p0l47'#'*%
p0l47'#'*&
p0l47'#'**
p0l47'#'*@
p0l47'#'@
p0l47'#'@!
p0l47'#'@$
p0l47'#'@%
p0l47'#'@&
p0l47'#'@*
p0l47'#'@@
p0l47*
p0l47*!
p0l47*!!
p0l47*!$
p0l47*!%
p0l47*!&
p0l47*!'#'
p0l47*!*
p0l47*!@
p0l47*$
p0l47*$!
p0l47*$$
p0l47*$%
p0l47*$&
p0l47*$'#'
p0l47*$*
p0l47*$@
p0l47*%
p0l47*%!
p0l47*%$
p0l47*%%
p0l47*%&
p0l47*%'#'
p0l47*%*
p0l47*%@
p0l47*&
p0l47*&!
p0l47*&$
p0l47*&%
p0l47*&&
p0l47*&'#'
p0l47*&*
p0l47*&@
p0l47*'#'
p0l47*'#'!
p0l47*'#'$
p0l47*'#'%
p0l47*'#'&
p0l47*'#'*
p0l47*'#'@
p0l47**
p0l47**!
p0l47**$
p0l47**%
p0l47**&
p0l47**'#'
p0l47***
p0l47**@
p0l47*@
p0l47*@!
p0l47*@$
p0l47*@%
p0l47*@&
p0l47*@'#'
p0l47*@*
p0l47*@@
p0l470
p0l471
p0l4710
p0l4711
p0l4712
p0l4713
p0l4714
p0l4715
p0l4716
p0l4717
p0l4718
p0l4719
p0l471990
p0l471991
p0l471992
p0l471993
p0l471994
p0l471995
p0l471996
p0l471997
p0l471998
p0l471999
p0l472
p0l4720
p0l472000
p0l472001
p0l472002
p0l472003
p0l472004
p0l472005
p0l472006
p0l472007
p0l472008
p0l472009
p0l472010
p0l472011
p0l472012
p0l472013
p0l472014
p0l472015
p0l472016
p0l472017
p0l472018
p0l472019
p0l472020
p0l4721
p0l4722
p0l4723
p0l4724
p0l4725
p0l4726
p0l4727
p0l4728
p0l4729
p0l473
p0l4730
p0l4731
p0l4732
p0l4733
p0l4734
p0l4735
p0l4736
p0l4737
p0l4738
p0l4739
p0l474
p0l4740
p0l4741
p0l4742
p0l4743
p0l4744
p0l4745
p0l4746
p0l4747
p0l4748
p0l4749
p0l475
p0l4750
p0l4751
p0l4752
p0l4753
p0l4754
p0l4755
p0l4756
p0l4757
p0l4758
p0l4759
p0l476
p0l4760
p0l4761
p0l4762
p0l4763
p0l4764
p0l4765
p0l4766
p0l4767
p0l4768
p0l4769
p0l477
p0l4770
p0l4771
p0l4772
p0l4773
p0l4774
p0l4775
p0l4776
p0l4777
p0l4778
p0l4779
p0l478
p0l4780
p0l4781
p0l4782
p0l4783
p0l4784
p0l4785
p0l4786
p0l4787
p0l4788
p0l4789
p0l479
p0l4790
p0l4791
p0l4792
p0l4793
p0l4794
p0l4795
p0l4796
p0l4797
p0l4798
p0l4799
p0l47@
p0l47@!
p0l47@!!
p0l47@!$
p0l47@!%
p0l47@!&
p0l47@!'#'
p0l47@!*
p0l47@!@
p0l47@$
p0l47@$!
p0l47@$$
p0l47@$%
p0l47@$&
p0l47@$'#'
p0l47@$*
p0l47@$@
p0l47@%
p0l47@%!
p0l47@%$
p0l47@%%
p0l47@%&
p0l47@%'#'
p0l47@%*
p0l47@%@
p0l47@&
p0l47@&!
p0l47@&$
p0l47@&%
p0l47@&&
p0l47@&'#'
p0l47@&*
p0l47@&@
p0l47@'#'
p0l47@'#'!
p0l47@'#'$
p0l47@'#'%
p0l47@'#'&
p0l47@'#'*
p0l47@'#'@
p0l47@*
p0l47@*!
p0l47@*$
p0l47@*%
p0l47@*&
p0l47@*'#'
p0l47@**
p0l47@*@
p0l47@@
p0l47@@!
p0l47@@$
p0l47@@%
p0l47@@&
p0l47@@'#'
p0l47@@*
p0l47@@@
p0l47_1990
p0l47_1991
p0l47_1992
p0l47_1993
p0l47_1994
p0l47_1995
p0l47_1996
p0l47_1997
p0l47_1998
p0l47_1999
p0l47_2000
p0l47_2001
p0l47_2002
p0l47_2003
p0l47_2004
p0l47_2005
p0l47_2006
p0l47_2007
p0l47_2008
p0l47_2009
p0l47_2010
p0l47_2011
p0l47_2012
p0l47_2013
p0l47_2014
p0l47_2015
p0l47_2016
p0l47_2017
p0l47_2018
p0l47_2019
p0l47_2020
polat!
polat!!
polat!!!
polat!!$
polat!!%
polat!!&
polat!!'#'
polat!!*
polat!!@
polat!$
polat!$!
polat!$$
polat!$%
polat!$&
polat!$'#'
polat!$*
polat!$@
polat!%
polat!%!
polat!%$
polat!%%
polat!%&
polat!%'#'
polat!%*
polat!%@
polat!&
polat!&!
polat!&$
polat!&%
polat!&&
polat!&'#'
polat!&*
polat!&@
polat!'#'
polat!'#'!
polat!'#'$
polat!'#'%
polat!'#'&
polat!'#'*
polat!'#'@
polat!*
polat!*!
polat!*$
polat!*%
polat!*&
polat!*'#'
polat!**
polat!*@
polat!@
polat!@!
polat!@$
polat!@%
polat!@&
polat!@'#'
polat!@*
polat!@@
polat$
polat$!
polat$!!
polat$!$
polat$!%
polat$!&
polat$!'#'
polat$!*
polat$!@
polat$$
polat$$!
polat$$$
polat$$%
polat$$&
polat$$'#'
polat$$*
polat$$@
polat$%
polat$%!
polat$%$
polat$%%
polat$%&
polat$%'#'
polat$%*
polat$%@
polat$&
polat$&!
polat$&$
polat$&%
polat$&&
polat$&'#'
polat$&*
polat$&@
polat$'#'
polat$'#'!
polat$'#'$
polat$'#'%
polat$'#'&
polat$'#'*
polat$'#'@
polat$*
polat$*!
polat$*$
polat$*%
polat$*&
polat$*'#'
polat$**
polat$*@
polat$@
polat$@!
polat$@$
polat$@%
polat$@&
polat$@'#'
polat$@*
polat$@@
polat%
polat%!
polat%!!
polat%!$
polat%!%
polat%!&
polat%!'#'
polat%!*
polat%!@
polat%$
polat%$!
polat%$$
polat%$%
polat%$&
polat%$'#'
polat%$*
polat%$@
polat%%
polat%%!
polat%%$
polat%%%
polat%%&
polat%%'#'
polat%%*
polat%%@
polat%&
polat%&!
polat%&$
polat%&%
polat%&&
polat%&'#'
polat%&*
polat%&@
polat%'#'
polat%'#'!
polat%'#'$
polat%'#'%
polat%'#'&
polat%'#'*
polat%'#'@
polat%*
polat%*!
polat%*$
polat%*%
polat%*&
polat%*'#'
polat%**
polat%*@
polat%@
polat%@!
polat%@$
polat%@%
polat%@&
polat%@'#'
polat%@*
polat%@@
polat&
polat&!
polat&!!
polat&!$
polat&!%
polat&!&
polat&!'#'
polat&!*
polat&!@
polat&$
polat&$!
polat&$$
polat&$%
polat&$&
polat&$'#'
polat&$*
polat&$@
polat&%
polat&%!
polat&%$
polat&%%
polat&%&
polat&%'#'
polat&%*
polat&%@
polat&&
polat&&!
polat&&$
polat&&%
polat&&&
polat&&'#'
polat&&*
polat&&@
polat&'#'
polat&'#'!
polat&'#'$
polat&'#'%
polat&'#'&
polat&'#'*
polat&'#'@
polat&*
polat&*!
polat&*$
polat&*%
polat&*&
polat&*'#'
polat&**
polat&*@
polat&@
polat&@!
polat&@$
polat&@%
polat&@&
polat&@'#'
polat&@*
polat&@@
polat'#'
polat'#'!
polat'#'!!
polat'#'!$
polat'#'!%
polat'#'!&
polat'#'!*
polat'#'!@
polat'#'$
polat'#'$!
polat'#'$$
polat'#'$%
polat'#'$&
polat'#'$*
polat'#'$@
polat'#'%
polat'#'%!
polat'#'%$
polat'#'%%
polat'#'%&
polat'#'%*
polat'#'%@
polat'#'&
polat'#'&!
polat'#'&$
polat'#'&%
polat'#'&&
polat'#'&*
polat'#'&@
polat'#''#'
polat'#'*
polat'#'*!
polat'#'*$
polat'#'*%
polat'#'*&
polat'#'**
polat'#'*@
polat'#'@
polat'#'@!
polat'#'@$
polat'#'@%
polat'#'@&
polat'#'@*
polat'#'@@
polat*
polat*!
polat*!!
polat*!$
polat*!%
polat*!&
polat*!'#'
polat*!*
polat*!@
polat*$
polat*$!
polat*$$
polat*$%
polat*$&
polat*$'#'
polat*$*
polat*$@
polat*%
polat*%!
polat*%$
polat*%%
polat*%&
polat*%'#'
polat*%*
polat*%@
polat*&
polat*&!
polat*&$
polat*&%
polat*&&
polat*&'#'
polat*&*
polat*&@
polat*'#'
polat*'#'!
polat*'#'$
polat*'#'%
polat*'#'&
polat*'#'*
polat*'#'@
polat**
polat**!
polat**$
polat**%
polat**&
polat**'#'
polat***
polat**@
polat*@
polat*@!
polat*@$
polat*@%
polat*@&
polat*@'#'
polat*@*
polat*@@
polat0
polat1
polat10
polat11
polat12
polat13
polat14
polat15
polat16
polat17
polat18
polat19
polat1990
polat1991
polat1992
polat1993
polat1994
polat1995
polat1996
polat1997
polat1998
polat1999
polat2
polat20
polat2000
polat2001
polat2002
polat2003
polat2004
polat2005
polat2006
polat2007
polat2008
polat2009
polat2010
polat2011
polat2012
polat2013
polat2014
polat2015
polat2016
polat2017
polat2018
polat2019
polat2020
polat21
polat22
polat23
polat24
polat25
polat26
polat27
polat28
polat29
polat3
polat30
polat31
polat32
polat33
polat34
polat35
polat36
polat37
polat38
polat39
polat4
polat40
polat41
polat42
polat43
polat44
polat45
polat46
polat47
polat48
polat49
polat5
polat50
polat51
polat52
polat53
polat54
polat55
polat56
polat57
polat58
polat59
polat6
polat60
polat61
polat62
polat63
polat64
polat65
polat66
polat67
polat68
polat69
polat7
polat70
polat71
polat72
polat73
polat74
polat75
polat76
polat77
polat78
polat79
polat8
polat80
polat81
polat82
polat83
polat84
polat85
polat86
polat87
polat88
polat89
polat9
polat90
polat91
polat92
polat93
polat94
polat95
polat96
polat97
polat98
polat99
polat@
polat@!
polat@!!
polat@!$
polat@!%
polat@!&
polat@!'#'
polat@!*
polat@!@
polat@$
polat@$!
polat@$$
polat@$%
polat@$&
polat@$'#'
polat@$*
polat@$@
polat@%
polat@%!
polat@%$
polat@%%
polat@%&
polat@%'#'
polat@%*
polat@%@
polat@&
polat@&!
polat@&$
polat@&%
polat@&&
polat@&'#'
polat@&*
polat@&@
polat@'#'
polat@'#'!
polat@'#'$
polat@'#'%
polat@'#'&
polat@'#'*
polat@'#'@
polat@*
polat@*!
polat@*$
polat@*%
polat@*&
polat@*'#'
polat@**
polat@*@
polat@@
polat@@!
polat@@$
polat@@%
polat@@&
polat@@'#'
polat@@*
polat@@@
polat_1990
polat_1991
polat_1992
polat_1993
polat_1994
polat_1995
polat_1996
polat_1997
polat_1998
polat_1999
polat_2000
polat_2001
polat_2002
polat_2003
polat_2004
polat_2005
polat_2006
polat_2007
polat_2008
polat_2009
polat_2010
polat_2011
polat_2012
polat_2013
polat_2014
polat_2015
polat_2016
polat_2017
polat_2018
polat_2019
polat_2020
sametcan
sametcan!
sametcan!!
sametcan!!!
sametcan!!$
sametcan!!%
sametcan!!&
sametcan!!*
sametcan!!@
sametcan!$
sametcan!$!
sametcan!$$
sametcan!$%
sametcan!$&
sametcan!$*
sametcan!$@
sametcan!%
sametcan!%!
sametcan!%$
sametcan!%%
sametcan!%&
sametcan!%*
sametcan!%@
sametcan!&
sametcan!&!
sametcan!&$
sametcan!&%
sametcan!&&
sametcan!&*
sametcan!&@
sametcan!*
sametcan!*!
sametcan!*$
sametcan!*%
sametcan!*&
sametcan!**
sametcan!*@
sametcan!@
sametcan!@!
sametcan!@$
sametcan!@%
sametcan!@&
sametcan!@*
sametcan!@@
sametcan$
sametcan$!
sametcan$!!
sametcan$!$
sametcan$!%
sametcan$!&
sametcan$!*
sametcan$!@
sametcan$$
sametcan$$!
sametcan$$$
sametcan$$%
sametcan$$&
sametcan$$*
sametcan$$@
sametcan$%
sametcan$%!
sametcan$%$
sametcan$%%
sametcan$%&
sametcan$%*
sametcan$%@
sametcan$&
sametcan$&!
sametcan$&$
sametcan$&%
sametcan$&&
sametcan$&*
sametcan$&@
sametcan$*
sametcan$*!
sametcan$*$
sametcan$*%
sametcan$*&
sametcan$**
sametcan$*@
sametcan$@
sametcan$@!
sametcan$@$
sametcan$@%
sametcan$@&
sametcan$@*
sametcan$@@
sametcan%
sametcan%!
sametcan%!!
sametcan%!$
sametcan%!%
sametcan%!&
sametcan%!*
sametcan%!@
sametcan%$
sametcan%$!
sametcan%$$
sametcan%$%
sametcan%$&
sametcan%$*
sametcan%$@
sametcan%%
sametcan%%!
sametcan%%$
sametcan%%%
sametcan%%&
sametcan%%*
sametcan%%@
sametcan%&
sametcan%&!
sametcan%&$
sametcan%&%
sametcan%&&
sametcan%&*
sametcan%&@
sametcan%*
sametcan%*!
sametcan%*$
sametcan%*%
sametcan%*&
sametcan%**
sametcan%*@
sametcan%@
sametcan%@!
sametcan%@$
sametcan%@%
sametcan%@&
sametcan%@*
sametcan%@@
sametcan&
sametcan&!
sametcan&!!
sametcan&!$
sametcan&!%
sametcan&!&
sametcan&!*
sametcan&!@
sametcan&$
sametcan&$!
sametcan&$$
sametcan&$%
sametcan&$&
sametcan&$*
sametcan&$@
sametcan&%
sametcan&%!
sametcan&%$
sametcan&%%
sametcan&%&
sametcan&%*
sametcan&%@
sametcan&&
sametcan&&!
sametcan&&$
sametcan&&%
sametcan&&&
sametcan&&*
sametcan&&@
sametcan&*
sametcan&*!
sametcan&*$
sametcan&*%
sametcan&*&
sametcan&**
sametcan&*@
sametcan&@
sametcan&@!
sametcan&@$
sametcan&@%
sametcan&@&
sametcan&@*
sametcan&@@
sametcan'#'
sametcan*
sametcan*!
sametcan*!!
sametcan*!$
sametcan*!%
sametcan*!&
sametcan*!*
sametcan*!@
sametcan*$
sametcan*$!
sametcan*$$
sametcan*$%
sametcan*$&
sametcan*$*
sametcan*$@
sametcan*%
sametcan*%!
sametcan*%$
sametcan*%%
sametcan*%&
sametcan*%*
sametcan*%@
sametcan*&
sametcan*&!
sametcan*&$
sametcan*&%
sametcan*&&
sametcan*&*
sametcan*&@
sametcan**
sametcan**!
sametcan**$
sametcan**%
sametcan**&
sametcan***
sametcan**@
sametcan*@
sametcan*@!
sametcan*@$
sametcan*@%
sametcan*@&
sametcan*@*
sametcan*@@
sametcan0
sametcan002
sametcan02
sametcan021
sametcan023
sametcan03
sametcan031
sametcan033
sametcan1
sametcan10
sametcan102
sametcan103
sametcan11
sametcan111
sametcan113
sametcan12
sametcan13
sametcan14
sametcan15
sametcan16
sametcan17
sametcan18
sametcan19
sametcan2
sametcan20
sametcan21
sametcan22
sametcan23
sametcan24
sametcan25
sametcan26
sametcan27
sametcan28
sametcan29
sametcan3
sametcan30
sametcan302
sametcan303
sametcan31
sametcan311
sametcan32
sametcan33
sametcan34
sametcan35
sametcan36
sametcan37
sametcan38
sametcan39
sametcan4
sametcan40
sametcan41
sametcan42
sametcan43
sametcan44
sametcan45
sametcan46
sametcan47
sametcan48
sametcan49
sametcan5
sametcan50
sametcan51
sametcan52
sametcan53
sametcan54
sametcan55
sametcan56
sametcan57
sametcan58
sametcan59
sametcan6
sametcan60
sametcan61
sametcan62
sametcan63
sametcan64
sametcan65
sametcan66
sametcan67
sametcan68
sametcan69
sametcan7
sametcan70
sametcan71
sametcan72
sametcan73
sametcan74
sametcan75
sametcan76
sametcan77
sametcan78
sametcan79
sametcan8
sametcan80
sametcan81
sametcan82
sametcan83
sametcan84
sametcan85
sametcan86
sametcan87
sametcan88
sametcan89
sametcan9
sametcan90
sametcan91
sametcan92
sametcan93
sametcan94
sametcan95
sametcan96
sametcan97
sametcan98
sametcan99
sametcan@
sametcan@!
sametcan@!!
sametcan@!$
sametcan@!%
sametcan@!&
sametcan@!*
sametcan@!@
sametcan@$
sametcan@$!
sametcan@$$
sametcan@$%
sametcan@$&
sametcan@$*
sametcan@$@
sametcan@%
sametcan@%!
sametcan@%$
sametcan@%%
sametcan@%&
sametcan@%*
sametcan@%@
sametcan@&
sametcan@&!
sametcan@&$
sametcan@&%
sametcan@&&
sametcan@&*
sametcan@&@
sametcan@*
sametcan@*!
sametcan@*$
sametcan@*%
sametcan@*&
sametcan@**
sametcan@*@
sametcan@@
sametcan@@!
sametcan@@$
sametcan@@%
sametcan@@&
sametcan@@*
sametcan@@@
sametcan_02
sametcan_03
sametcan_1
sametcan_11
sametcan_13
sametcan_3
sametcan_31
trabzon
trabzon!
trabzon!!
trabzon!!!
trabzon!!$
trabzon!!%
trabzon!!&
trabzon!!*
trabzon!!@
trabzon!$
trabzon!$!
trabzon!$$
trabzon!$%
trabzon!$&
trabzon!$*
trabzon!$@
trabzon!%
trabzon!%!
trabzon!%$
trabzon!%%
trabzon!%&
trabzon!%*
trabzon!%@
trabzon!&
trabzon!&!
trabzon!&$
trabzon!&%
trabzon!&&
trabzon!&*
trabzon!&@
trabzon!'#'
trabzon!*
trabzon!*!
trabzon!*$
trabzon!*%
trabzon!*&
trabzon!**
trabzon!*@
trabzon!@
trabzon!@!
trabzon!@$
trabzon!@%
trabzon!@&
trabzon!@*
trabzon!@@
trabzon$
trabzon$!
trabzon$!!
trabzon$!$
trabzon$!%
trabzon$!&
trabzon$!*
trabzon$!@
trabzon$$
trabzon$$!
trabzon$$$
trabzon$$%
trabzon$$&
trabzon$$*
trabzon$$@
trabzon$%
trabzon$%!
trabzon$%$
trabzon$%%
trabzon$%&
trabzon$%*
trabzon$%@
trabzon$&
trabzon$&!
trabzon$&$
trabzon$&%
trabzon$&&
trabzon$&*
trabzon$&@
trabzon$'#'
trabzon$*
trabzon$*!
trabzon$*$
trabzon$*%
trabzon$*&
trabzon$**
trabzon$*@
trabzon$@
trabzon$@!
trabzon$@$
trabzon$@%
trabzon$@&
trabzon$@*
trabzon$@@
trabzon%
trabzon%!
trabzon%!!
trabzon%!$
trabzon%!%
trabzon%!&
trabzon%!*
trabzon%!@
trabzon%$
trabzon%$!
trabzon%$$
trabzon%$%
trabzon%$&
trabzon%$*
trabzon%$@
trabzon%%
trabzon%%!
trabzon%%$
trabzon%%%
trabzon%%&
trabzon%%*
trabzon%%@
trabzon%&
trabzon%&!
trabzon%&$
trabzon%&%
trabzon%&&
trabzon%&*
trabzon%&@
trabzon%'#'
trabzon%*
trabzon%*!
trabzon%*$
trabzon%*%
trabzon%*&
trabzon%**
trabzon%*@
trabzon%@
trabzon%@!
trabzon%@$
trabzon%@%
trabzon%@&
trabzon%@*
trabzon%@@
trabzon&
trabzon&!
trabzon&!!
trabzon&!$
trabzon&!%
trabzon&!&
trabzon&!*
trabzon&!@
trabzon&$
trabzon&$!
trabzon&$$
trabzon&$%
trabzon&$&
trabzon&$*
trabzon&$@
trabzon&%
trabzon&%!
trabzon&%$
trabzon&%%
trabzon&%&
trabzon&%*
trabzon&%@
trabzon&&
trabzon&&!
trabzon&&$
trabzon&&%
trabzon&&&
trabzon&&*
trabzon&&@
trabzon&'#'
trabzon&*
trabzon&*!
trabzon&*$
trabzon&*%
trabzon&*&
trabzon&**
trabzon&*@
trabzon&@
trabzon&@!
trabzon&@$
trabzon&@%
trabzon&@&
trabzon&@*
trabzon&@@
trabzon'#'
trabzon'#'!
trabzon'#'$
trabzon'#'%
trabzon'#'&
trabzon'#'*
trabzon'#'@
trabzon*
trabzon*!
trabzon*!!
trabzon*!$
trabzon*!%
trabzon*!&
trabzon*!*
trabzon*!@
trabzon*$
trabzon*$!
trabzon*$$
trabzon*$%
trabzon*$&
trabzon*$*
trabzon*$@
trabzon*%
trabzon*%!
trabzon*%$
trabzon*%%
trabzon*%&
trabzon*%*
trabzon*%@
trabzon*&
trabzon*&!
trabzon*&$
trabzon*&%
trabzon*&&
trabzon*&*
trabzon*&@
trabzon*'#'
trabzon**
trabzon**!
trabzon**$
trabzon**%
trabzon**&
trabzon***
trabzon**@
trabzon*@
trabzon*@!
trabzon*@$
trabzon*@%
trabzon*@&
trabzon*@*
trabzon*@@
trabzon0
trabzon1
trabzon10
trabzon11
trabzon12
trabzon13
trabzon14
trabzon15
trabzon16
trabzon17
trabzon18
trabzon19
trabzon1990
trabzon1991
trabzon1992
trabzon1993
trabzon1994
trabzon1995
trabzon1996
trabzon1997
trabzon1998
trabzon1999
trabzon2
trabzon20
trabzon2000
trabzon2001
trabzon2002
trabzon2003
trabzon2004
trabzon2005
trabzon2006
trabzon2007
trabzon2008
trabzon2009
trabzon2010
trabzon2011
trabzon2012
trabzon2013
trabzon2014
trabzon2015
trabzon2016
trabzon2017
trabzon2018
trabzon2019
trabzon2020
trabzon21
trabzon22
trabzon23
trabzon24
trabzon25
trabzon26
trabzon27
trabzon28
trabzon29
trabzon3
trabzon30
trabzon31
trabzon32
trabzon33
trabzon34
trabzon35
trabzon36
trabzon37
trabzon38
trabzon39
trabzon4
trabzon40
trabzon41
trabzon42
trabzon43
trabzon44
trabzon45
trabzon46
trabzon47
trabzon48
trabzon49
trabzon5
trabzon50
trabzon51
trabzon52
trabzon53
trabzon54
trabzon55
trabzon56
trabzon57
trabzon58
trabzon59
trabzon6
trabzon60
trabzon61
trabzon62
trabzon63
trabzon64
trabzon65
trabzon66
trabzon67
trabzon68
trabzon69
trabzon7
trabzon70
trabzon71
trabzon72
trabzon73
trabzon74
trabzon75
trabzon76
trabzon77
trabzon78
trabzon79
trabzon8
trabzon80
trabzon81
trabzon82
trabzon83
trabzon84
trabzon85
trabzon86
trabzon87
trabzon88
trabzon89
trabzon9
trabzon90
trabzon91
trabzon92
trabzon93
trabzon94
trabzon95
trabzon96
trabzon97
trabzon98
trabzon99
trabzon@
trabzon@!
trabzon@!!
trabzon@!$
trabzon@!%
trabzon@!&
trabzon@!*
trabzon@!@
trabzon@$
trabzon@$!
trabzon@$$
trabzon@$%
trabzon@$&
trabzon@$*
trabzon@$@
trabzon@%
trabzon@%!
trabzon@%$
trabzon@%%
trabzon@%&
trabzon@%*
trabzon@%@
trabzon@&
trabzon@&!
trabzon@&$
trabzon@&%
trabzon@&&
trabzon@&*
trabzon@&@
trabzon@'#'
trabzon@*
trabzon@*!
trabzon@*$
trabzon@*%
trabzon@*&
trabzon@**
trabzon@*@
trabzon@@
trabzon@@!
trabzon@@$
trabzon@@%
trabzon@@&
trabzon@@*
trabzon@@@
w4lk5w493n
w4lk5w493n!
w4lk5w493n$
w4lk5w493n%
w4lk5w493n&
w4lk5w493n*
w4lk5w493n0
w4lk5w493n1
w4lk5w493n2
w4lk5w493n3
w4lk5w493n4
w4lk5w493n5
w4lk5w493n6
w4lk5w493n7
w4lk5w493n8
w4lk5w493n9
w4lk5w493n@
walkswagen
walkswagen!
walkswagen$
walkswagen%
walkswagen&
walkswagen*
walkswagen0
walkswagen1
walkswagen2
walkswagen3
walkswagen4
walkswagen5
walkswagen6
walkswagen7
walkswagen8
walkswagen9
walkswagen@
